#
# There is insufficient memory for the Java Runtime Environment to continue.
# Native memory allocation (malloc) failed to allocate 1849552 bytes. Error detail: Chunk::new
# Possible reasons:
#   The system is out of physical RAM or swap space
#   This process is running with CompressedOops enabled, and the Java Heap may be blocking the growth of the native heap
# Possible solutions:
#   Reduce memory load on the system
#   Increase physical memory or swap space
#   Check if swap backing store is full
#   Decrease Java heap size (-Xmx/-Xms)
#   Decrease number of Java threads
#   Decrease Java thread stack sizes (-Xss)
#   Set larger code cache with -XX:ReservedCodeCacheSize=
#   JVM is running with Unscaled Compressed Oops mode in which the Java heap is
#     placed in the first 4GB address space. The Java Heap base address is the
#     maximum limit for the native heap growth. Please use -XX:HeapBaseMinAddress
#     to set the Java Heap base and to place the Java Heap above 4GB virtual address.
# This output file may be truncated or incomplete.
#
#  Out of Memory Error (arena.cpp:162), pid=25352, tid=25552
#
# JRE version: Java(TM) SE Runtime Environment (24.0.2+12) (build 24.0.2+12-54)
# Java VM: Java HotSpot(TM) 64-Bit Server VM (24.0.2+12-54, mixed mode, sharing, tiered, compressed oops, compressed class ptrs, g1 gc, windows-amd64)
# No core dump will be written. Minidumps are not enabled by default on client versions of Windows
#

---------------  S U M M A R Y ------------

Command Line: -Dfile.encoding=UTF-8 --module-path=C:\Users\ssemu\OneDrive\Desktop\code\Java Code\TrainBookingSystem\build\classes app.Main

Host: AMD Ryzen 3 7320U with Radeon Graphics         , 8 cores, 7G,  Windows 11 , 64 bit Build 26100 (10.0.26100.5074)
Time: Fri Sep 26 17:18:09 2025 E. Africa Standard Time elapsed time: 28.376232 seconds (0d 0h 0m 28s)

---------------  T H R E A D  ---------------

Current thread (0x000001717f3bc990):  JavaThread "C2 CompilerThread0" daemon [_thread_in_native, id=25552, stack(0x0000002d82e00000,0x0000002d82f00000) (1024K)]


Current CompileTask:
C2:28376 1380 %     4       sun.java2d.marlin.MarlinCache::copyAARowRLE_WithBlockFlags @ 269 (733 bytes)

Stack: [0x0000002d82e00000,0x0000002d82f00000]
Native frames: (J=compiled Java code, j=interpreted, Vv=VM code, C=native code)
V  [jvm.dll+0x730829]  (no source info available)
V  [jvm.dll+0x8d9da3]  (no source info available)
V  [jvm.dll+0x8dc28d]  (no source info available)
V  [jvm.dll+0x8dc903]  (no source info available)
V  [jvm.dll+0x2a9f56]  (no source info available)
V  [jvm.dll+0xced7f]  (no source info available)
V  [jvm.dll+0xcefdf]  (no source info available)
V  [jvm.dll+0x154c83]  (no source info available)
V  [jvm.dll+0x73604f]  (no source info available)
V  [jvm.dll+0x26f8dc]  (no source info available)
V  [jvm.dll+0x26e8ff]  (no source info available)
V  [jvm.dll+0x1e9c90]  (no source info available)
V  [jvm.dll+0x27e0cb]  (no source info available)
V  [jvm.dll+0x27c36a]  (no source info available)
V  [jvm.dll+0x42f396]  (no source info available)
V  [jvm.dll+0x87d9eb]  (no source info available)
V  [jvm.dll+0x72ef45]  (no source info available)
C  [ucrtbase.dll+0x37b0]  (no source info available)
C  [KERNEL32.DLL+0x2e8d7]  (no source info available)
C  [ntdll.dll+0x8d9c]  (no source info available)

Lock stack of current Java thread (top to bottom):


---------------  P R O C E S S  ---------------

Threads class SMR info:
_java_thread_list=0x0000017147ee4600, length=16, elements={
0x000001717f3a7b30, 0x000001717f3ab0c0, 0x000001717f3aee30, 0x000001717f3afcb0,
0x000001717f3b1420, 0x000001717f3b2cc0, 0x000001717f3bc990, 0x000001717f3c6d50,
0x0000017147088d10, 0x00000171471b8a40, 0x00000171472c8e00, 0x00000171472cd550,
0x00000171472cdc90, 0x0000017147719020, 0x00000171625c1da0, 0x000001714ee4b360
}

Java Threads: ( => current thread )
  0x000001717f3a7b30 JavaThread "Reference Handler"          daemon [_thread_blocked, id=2884, stack(0x0000002d82800000,0x0000002d82900000) (1024K)]
  0x000001717f3ab0c0 JavaThread "Finalizer"                  daemon [_thread_blocked, id=20532, stack(0x0000002d82900000,0x0000002d82a00000) (1024K)]
  0x000001717f3aee30 JavaThread "Signal Dispatcher"          daemon [_thread_blocked, id=30736, stack(0x0000002d82a00000,0x0000002d82b00000) (1024K)]
  0x000001717f3afcb0 JavaThread "Attach Listener"            daemon [_thread_blocked, id=27296, stack(0x0000002d82b00000,0x0000002d82c00000) (1024K)]
  0x000001717f3b1420 JavaThread "Service Thread"             daemon [_thread_blocked, id=8072, stack(0x0000002d82c00000,0x0000002d82d00000) (1024K)]
  0x000001717f3b2cc0 JavaThread "Monitor Deflation Thread"   daemon [_thread_blocked, id=10352, stack(0x0000002d82d00000,0x0000002d82e00000) (1024K)]
=>0x000001717f3bc990 JavaThread "C2 CompilerThread0"         daemon [_thread_in_native, id=25552, stack(0x0000002d82e00000,0x0000002d82f00000) (1024K)]
  0x000001717f3c6d50 JavaThread "C1 CompilerThread0"         daemon [_thread_blocked, id=24016, stack(0x0000002d82f00000,0x0000002d83000000) (1024K)]
  0x0000017147088d10 JavaThread "Common-Cleaner"             daemon [_thread_blocked, id=16416, stack(0x0000002d83000000,0x0000002d83100000) (1024K)]
  0x00000171471b8a40 JavaThread "Notification Thread"        daemon [_thread_blocked, id=25016, stack(0x0000002d83200000,0x0000002d83300000) (1024K)]
  0x00000171472c8e00 JavaThread "Java2D Disposer"            daemon [_thread_blocked, id=27456, stack(0x0000002d83300000,0x0000002d83400000) (1024K)]
  0x00000171472cd550 JavaThread "AWT-Shutdown"                      [_thread_blocked, id=22624, stack(0x0000002d83400000,0x0000002d83500000) (1024K)]
  0x00000171472cdc90 JavaThread "AWT-Windows"                daemon [_thread_in_native, id=23260, stack(0x0000002d83500000,0x0000002d83600000) (1024K)]
  0x0000017147719020 JavaThread "AWT-EventQueue-0"                  [_thread_blocked, id=23744, stack(0x0000002d83600000,0x0000002d83700000) (1024K)]
  0x00000171625c1da0 JavaThread "DestroyJavaVM"                     [_thread_blocked, id=21608, stack(0x0000002d82000000,0x0000002d82100000) (1024K)]
  0x000001714ee4b360 JavaThread "TimerQueue"                 daemon [_thread_blocked, id=31504, stack(0x0000002d83900000,0x0000002d83a00000) (1024K)]
Total: 16

Other Threads:
  0x000001717f398250 VMThread "VM Thread"                           [id=20052, stack(0x0000002d82700000,0x0000002d82800000) (1024K)]
  0x000001717f385550 WatcherThread "VM Periodic Task Thread"        [id=27048, stack(0x0000002d82600000,0x0000002d82700000) (1024K)]
  0x00000171649c1b90 WorkerThread "GC Thread#0"                     [id=12084, stack(0x0000002d82100000,0x0000002d82200000) (1024K)]
  0x00000171649d4d90 ConcurrentGCThread "G1 Main Marker"            [id=18472, stack(0x0000002d82200000,0x0000002d82300000) (1024K)]
  0x00000171649d6e80 WorkerThread "G1 Conc#0"                       [id=13736, stack(0x0000002d82300000,0x0000002d82400000) (1024K)]
  0x0000017164a2e470 ConcurrentGCThread "G1 Refine#0"               [id=16888, stack(0x0000002d82400000,0x0000002d82500000) (1024K)]
  0x000001717f256580 ConcurrentGCThread "G1 Service"                [id=25320, stack(0x0000002d82500000,0x0000002d82600000) (1024K)]
Total: 7

Threads with active compile tasks:
C2 CompilerThread0  28556 1380 %     4       sun.java2d.marlin.MarlinCache::copyAARowRLE_WithBlockFlags @ 269 (733 bytes)
Total: 1

VM state: not at safepoint (normal execution)

VM Mutex/Monitor currently owned by a thread: None

Heap address: 0x000000008c200000, size: 1854 MB, Compressed Oops mode: 32-bit

CDS archive(s) mapped at: [0x0000017102000000-0x0000017102d40000-0x0000017102d40000), size 13893632, SharedBaseAddress: 0x0000017102000000, ArchiveRelocationMode: 1.
Compressed class space mapped at: 0x0000017103000000-0x0000017143000000, reserved size: 1073741824
UseCompressedClassPointers 1, UseCompactObjectHeaders 0
Narrow klass pointer bits 32, Max shift 3
Narrow klass base: 0x0000017102000000, Narrow klass shift: 0
Encoding Range: [0x0000017102000000 - 0x0000017202000000), (4294967296 bytes)
Klass Range:    [0x0000017102000000 - 0x0000017143000000), (1090519040 bytes)
Klass ID Range:  [8 - 1090519033) (1090519025)

GC Precious Log:
 CardTable entry size: 512
 Card Set container configuration: InlinePtr #cards 5 size 8 Array Of Cards #cards 10 size 36 Howl #buckets 4 coarsen threshold 1843 Howl Bitmap #cards 512 size 80 coarsen threshold 460 Card regions per heap region 1 cards per card region 2048
 CPUs: 8 total, 8 available
 Memory: 7413M
 Large Page Support: Disabled
 NUMA Support: Disabled
 Compressed Oops: Enabled (32-bit)
 Heap Region Size: 1M
 Heap Min Capacity: 8M
 Heap Initial Capacity: 116M
 Heap Max Capacity: 1854M
 Pre-touch: Disabled
 Parallel Workers: 8
 Concurrent Workers: 2
 Concurrent Refinement Workers: 8
 Periodic GC: Disabled

Heap:
 garbage-first heap   total reserved 1898496K, committed 120832K, used 32884K [0x000000008c200000, 0x0000000100000000)
  region size 1024K, 22 young (22528K), 0 survivors (0K)
 Metaspace       used 10769K, committed 11008K, reserved 1114112K
  class space    used 997K, committed 1088K, reserved 1048576K

Heap Regions: E=young(eden), S=young(survivor), O=old, HS=humongous(starts), HC=humongous(continues), CS=collection set, F=free, TAMS=top-at-mark-start, PB=parsable bottom
|   0|0x000000008c200000, 0x000000008c300000, 0x000000008c300000|100%|HS|  |TAMS 0x000000008c200000| PB 0x000000008c200000| Complete |  0
|   1|0x000000008c300000, 0x000000008c400000, 0x000000008c400000|100%|HC|  |TAMS 0x000000008c300000| PB 0x000000008c300000| Complete |  0
|   2|0x000000008c400000, 0x000000008c500000, 0x000000008c500000|100%|HC|  |TAMS 0x000000008c400000| PB 0x000000008c400000| Complete |  0
|   3|0x000000008c500000, 0x000000008c600000, 0x000000008c600000|100%|HS|  |TAMS 0x000000008c500000| PB 0x000000008c500000| Complete |  0
|   4|0x000000008c600000, 0x000000008c700000, 0x000000008c700000|100%|HC|  |TAMS 0x000000008c600000| PB 0x000000008c600000| Complete |  0
|   5|0x000000008c700000, 0x000000008c800000, 0x000000008c800000|100%|HS|  |TAMS 0x000000008c700000| PB 0x000000008c700000| Complete |  0
|   6|0x000000008c800000, 0x000000008c900000, 0x000000008c900000|100%|HC|  |TAMS 0x000000008c800000| PB 0x000000008c800000| Complete |  0
|   7|0x000000008c900000, 0x000000008ca00000, 0x000000008ca00000|100%|HS|  |TAMS 0x000000008c900000| PB 0x000000008c900000| Complete |  0
|   8|0x000000008ca00000, 0x000000008cb00000, 0x000000008cb00000|100%|HC|  |TAMS 0x000000008ca00000| PB 0x000000008ca00000| Complete |  0
|   9|0x000000008cb00000, 0x000000008cc00000, 0x000000008cc00000|100%|HC|  |TAMS 0x000000008cb00000| PB 0x000000008cb00000| Complete |  0
|  10|0x000000008cc00000, 0x000000008cc00000, 0x000000008cd00000|  0%| F|  |TAMS 0x000000008cc00000| PB 0x000000008cc00000| Untracked |  0
|  11|0x000000008cd00000, 0x000000008cd00000, 0x000000008ce00000|  0%| F|  |TAMS 0x000000008cd00000| PB 0x000000008cd00000| Untracked |  0
|  12|0x000000008ce00000, 0x000000008ce00000, 0x000000008cf00000|  0%| F|  |TAMS 0x000000008ce00000| PB 0x000000008ce00000| Untracked |  0
|  13|0x000000008cf00000, 0x000000008cf00000, 0x000000008d000000|  0%| F|  |TAMS 0x000000008cf00000| PB 0x000000008cf00000| Untracked |  0
|  14|0x000000008d000000, 0x000000008d000000, 0x000000008d100000|  0%| F|  |TAMS 0x000000008d000000| PB 0x000000008d000000| Untracked |  0
|  15|0x000000008d100000, 0x000000008d100000, 0x000000008d200000|  0%| F|  |TAMS 0x000000008d100000| PB 0x000000008d100000| Untracked |  0
|  16|0x000000008d200000, 0x000000008d200000, 0x000000008d300000|  0%| F|  |TAMS 0x000000008d200000| PB 0x000000008d200000| Untracked |  0
|  17|0x000000008d300000, 0x000000008d300000, 0x000000008d400000|  0%| F|  |TAMS 0x000000008d300000| PB 0x000000008d300000| Untracked |  0
|  18|0x000000008d400000, 0x000000008d400000, 0x000000008d500000|  0%| F|  |TAMS 0x000000008d400000| PB 0x000000008d400000| Untracked |  0
|  19|0x000000008d500000, 0x000000008d500000, 0x000000008d600000|  0%| F|  |TAMS 0x000000008d500000| PB 0x000000008d500000| Untracked |  0
|  20|0x000000008d600000, 0x000000008d600000, 0x000000008d700000|  0%| F|  |TAMS 0x000000008d600000| PB 0x000000008d600000| Untracked |  0
|  21|0x000000008d700000, 0x000000008d700000, 0x000000008d800000|  0%| F|  |TAMS 0x000000008d700000| PB 0x000000008d700000| Untracked |  0
|  22|0x000000008d800000, 0x000000008d800000, 0x000000008d900000|  0%| F|  |TAMS 0x000000008d800000| PB 0x000000008d800000| Untracked |  0
|  23|0x000000008d900000, 0x000000008d900000, 0x000000008da00000|  0%| F|  |TAMS 0x000000008d900000| PB 0x000000008d900000| Untracked |  0
|  24|0x000000008da00000, 0x000000008da00000, 0x000000008db00000|  0%| F|  |TAMS 0x000000008da00000| PB 0x000000008da00000| Untracked |  0
|  25|0x000000008db00000, 0x000000008db00000, 0x000000008dc00000|  0%| F|  |TAMS 0x000000008db00000| PB 0x000000008db00000| Untracked |  0
|  26|0x000000008dc00000, 0x000000008dc00000, 0x000000008dd00000|  0%| F|  |TAMS 0x000000008dc00000| PB 0x000000008dc00000| Untracked |  0
|  27|0x000000008dd00000, 0x000000008dd00000, 0x000000008de00000|  0%| F|  |TAMS 0x000000008dd00000| PB 0x000000008dd00000| Untracked |  0
|  28|0x000000008de00000, 0x000000008de00000, 0x000000008df00000|  0%| F|  |TAMS 0x000000008de00000| PB 0x000000008de00000| Untracked |  0
|  29|0x000000008df00000, 0x000000008df00000, 0x000000008e000000|  0%| F|  |TAMS 0x000000008df00000| PB 0x000000008df00000| Untracked |  0
|  30|0x000000008e000000, 0x000000008e000000, 0x000000008e100000|  0%| F|  |TAMS 0x000000008e000000| PB 0x000000008e000000| Untracked |  0
|  31|0x000000008e100000, 0x000000008e100000, 0x000000008e200000|  0%| F|  |TAMS 0x000000008e100000| PB 0x000000008e100000| Untracked |  0
|  32|0x000000008e200000, 0x000000008e200000, 0x000000008e300000|  0%| F|  |TAMS 0x000000008e200000| PB 0x000000008e200000| Untracked |  0
|  33|0x000000008e300000, 0x000000008e300000, 0x000000008e400000|  0%| F|  |TAMS 0x000000008e300000| PB 0x000000008e300000| Untracked |  0
|  34|0x000000008e400000, 0x000000008e400000, 0x000000008e500000|  0%| F|  |TAMS 0x000000008e400000| PB 0x000000008e400000| Untracked |  0
|  35|0x000000008e500000, 0x000000008e500000, 0x000000008e600000|  0%| F|  |TAMS 0x000000008e500000| PB 0x000000008e500000| Untracked |  0
|  36|0x000000008e600000, 0x000000008e600000, 0x000000008e700000|  0%| F|  |TAMS 0x000000008e600000| PB 0x000000008e600000| Untracked |  0
|  37|0x000000008e700000, 0x000000008e700000, 0x000000008e800000|  0%| F|  |TAMS 0x000000008e700000| PB 0x000000008e700000| Untracked |  0
|  38|0x000000008e800000, 0x000000008e800000, 0x000000008e900000|  0%| F|  |TAMS 0x000000008e800000| PB 0x000000008e800000| Untracked |  0
|  39|0x000000008e900000, 0x000000008e900000, 0x000000008ea00000|  0%| F|  |TAMS 0x000000008e900000| PB 0x000000008e900000| Untracked |  0
|  40|0x000000008ea00000, 0x000000008ea00000, 0x000000008eb00000|  0%| F|  |TAMS 0x000000008ea00000| PB 0x000000008ea00000| Untracked |  0
|  41|0x000000008eb00000, 0x000000008eb00000, 0x000000008ec00000|  0%| F|  |TAMS 0x000000008eb00000| PB 0x000000008eb00000| Untracked |  0
|  42|0x000000008ec00000, 0x000000008ec00000, 0x000000008ed00000|  0%| F|  |TAMS 0x000000008ec00000| PB 0x000000008ec00000| Untracked |  0
|  43|0x000000008ed00000, 0x000000008ed00000, 0x000000008ee00000|  0%| F|  |TAMS 0x000000008ed00000| PB 0x000000008ed00000| Untracked |  0
|  44|0x000000008ee00000, 0x000000008ee00000, 0x000000008ef00000|  0%| F|  |TAMS 0x000000008ee00000| PB 0x000000008ee00000| Untracked |  0
|  45|0x000000008ef00000, 0x000000008ef00000, 0x000000008f000000|  0%| F|  |TAMS 0x000000008ef00000| PB 0x000000008ef00000| Untracked |  0
|  46|0x000000008f000000, 0x000000008f000000, 0x000000008f100000|  0%| F|  |TAMS 0x000000008f000000| PB 0x000000008f000000| Untracked |  0
|  47|0x000000008f100000, 0x000000008f100000, 0x000000008f200000|  0%| F|  |TAMS 0x000000008f100000| PB 0x000000008f100000| Untracked |  0
|  48|0x000000008f200000, 0x000000008f200000, 0x000000008f300000|  0%| F|  |TAMS 0x000000008f200000| PB 0x000000008f200000| Untracked |  0
|  49|0x000000008f300000, 0x000000008f300000, 0x000000008f400000|  0%| F|  |TAMS 0x000000008f300000| PB 0x000000008f300000| Untracked |  0
|  50|0x000000008f400000, 0x000000008f400000, 0x000000008f500000|  0%| F|  |TAMS 0x000000008f400000| PB 0x000000008f400000| Untracked |  0
|  51|0x000000008f500000, 0x000000008f500000, 0x000000008f600000|  0%| F|  |TAMS 0x000000008f500000| PB 0x000000008f500000| Untracked |  0
|  52|0x000000008f600000, 0x000000008f600000, 0x000000008f700000|  0%| F|  |TAMS 0x000000008f600000| PB 0x000000008f600000| Untracked |  0
|  53|0x000000008f700000, 0x000000008f700000, 0x000000008f800000|  0%| F|  |TAMS 0x000000008f700000| PB 0x000000008f700000| Untracked |  0
|  54|0x000000008f800000, 0x000000008f800000, 0x000000008f900000|  0%| F|  |TAMS 0x000000008f800000| PB 0x000000008f800000| Untracked |  0
|  55|0x000000008f900000, 0x000000008f900000, 0x000000008fa00000|  0%| F|  |TAMS 0x000000008f900000| PB 0x000000008f900000| Untracked |  0
|  56|0x000000008fa00000, 0x000000008fa00000, 0x000000008fb00000|  0%| F|  |TAMS 0x000000008fa00000| PB 0x000000008fa00000| Untracked |  0
|  57|0x000000008fb00000, 0x000000008fb00000, 0x000000008fc00000|  0%| F|  |TAMS 0x000000008fb00000| PB 0x000000008fb00000| Untracked |  0
|  58|0x000000008fc00000, 0x000000008fc00000, 0x000000008fd00000|  0%| F|  |TAMS 0x000000008fc00000| PB 0x000000008fc00000| Untracked |  0
|  59|0x000000008fd00000, 0x000000008fd00000, 0x000000008fe00000|  0%| F|  |TAMS 0x000000008fd00000| PB 0x000000008fd00000| Untracked |  0
|  60|0x000000008fe00000, 0x000000008fe00000, 0x000000008ff00000|  0%| F|  |TAMS 0x000000008fe00000| PB 0x000000008fe00000| Untracked |  0
|  61|0x000000008ff00000, 0x000000008ff00000, 0x0000000090000000|  0%| F|  |TAMS 0x000000008ff00000| PB 0x000000008ff00000| Untracked |  0
|  62|0x0000000090000000, 0x0000000090000000, 0x0000000090100000|  0%| F|  |TAMS 0x0000000090000000| PB 0x0000000090000000| Untracked |  0
|  63|0x0000000090100000, 0x0000000090100000, 0x0000000090200000|  0%| F|  |TAMS 0x0000000090100000| PB 0x0000000090100000| Untracked |  0
|  64|0x0000000090200000, 0x0000000090200000, 0x0000000090300000|  0%| F|  |TAMS 0x0000000090200000| PB 0x0000000090200000| Untracked |  0
|  65|0x0000000090300000, 0x0000000090300000, 0x0000000090400000|  0%| F|  |TAMS 0x0000000090300000| PB 0x0000000090300000| Untracked |  0
|  66|0x0000000090400000, 0x0000000090400000, 0x0000000090500000|  0%| F|  |TAMS 0x0000000090400000| PB 0x0000000090400000| Untracked |  0
|  67|0x0000000090500000, 0x0000000090500000, 0x0000000090600000|  0%| F|  |TAMS 0x0000000090500000| PB 0x0000000090500000| Untracked |  0
|  68|0x0000000090600000, 0x0000000090600000, 0x0000000090700000|  0%| F|  |TAMS 0x0000000090600000| PB 0x0000000090600000| Untracked |  0
|  69|0x0000000090700000, 0x0000000090700000, 0x0000000090800000|  0%| F|  |TAMS 0x0000000090700000| PB 0x0000000090700000| Untracked |  0
|  70|0x0000000090800000, 0x0000000090800000, 0x0000000090900000|  0%| F|  |TAMS 0x0000000090800000| PB 0x0000000090800000| Untracked |  0
|  71|0x0000000090900000, 0x0000000090900000, 0x0000000090a00000|  0%| F|  |TAMS 0x0000000090900000| PB 0x0000000090900000| Untracked |  0
|  72|0x0000000090a00000, 0x0000000090a00000, 0x0000000090b00000|  0%| F|  |TAMS 0x0000000090a00000| PB 0x0000000090a00000| Untracked |  0
|  73|0x0000000090b00000, 0x0000000090b00000, 0x0000000090c00000|  0%| F|  |TAMS 0x0000000090b00000| PB 0x0000000090b00000| Untracked |  0
|  74|0x0000000090c00000, 0x0000000090c00000, 0x0000000090d00000|  0%| F|  |TAMS 0x0000000090c00000| PB 0x0000000090c00000| Untracked |  0
|  75|0x0000000090d00000, 0x0000000090d00000, 0x0000000090e00000|  0%| F|  |TAMS 0x0000000090d00000| PB 0x0000000090d00000| Untracked |  0
|  76|0x0000000090e00000, 0x0000000090e00000, 0x0000000090f00000|  0%| F|  |TAMS 0x0000000090e00000| PB 0x0000000090e00000| Untracked |  0
|  77|0x0000000090f00000, 0x0000000090f00000, 0x0000000091000000|  0%| F|  |TAMS 0x0000000090f00000| PB 0x0000000090f00000| Untracked |  0
|  78|0x0000000091000000, 0x0000000091000000, 0x0000000091100000|  0%| F|  |TAMS 0x0000000091000000| PB 0x0000000091000000| Untracked |  0
|  79|0x0000000091100000, 0x0000000091100000, 0x0000000091200000|  0%| F|  |TAMS 0x0000000091100000| PB 0x0000000091100000| Untracked |  0
|  80|0x0000000091200000, 0x0000000091200000, 0x0000000091300000|  0%| F|  |TAMS 0x0000000091200000| PB 0x0000000091200000| Untracked |  0
|  81|0x0000000091300000, 0x0000000091300000, 0x0000000091400000|  0%| F|  |TAMS 0x0000000091300000| PB 0x0000000091300000| Untracked |  0
|  82|0x0000000091400000, 0x0000000091400000, 0x0000000091500000|  0%| F|  |TAMS 0x0000000091400000| PB 0x0000000091400000| Untracked |  0
|  83|0x0000000091500000, 0x0000000091500000, 0x0000000091600000|  0%| F|  |TAMS 0x0000000091500000| PB 0x0000000091500000| Untracked |  0
|  84|0x0000000091600000, 0x0000000091600000, 0x0000000091700000|  0%| F|  |TAMS 0x0000000091600000| PB 0x0000000091600000| Untracked |  0
|  85|0x0000000091700000, 0x0000000091700000, 0x0000000091800000|  0%| F|  |TAMS 0x0000000091700000| PB 0x0000000091700000| Untracked |  0
|  86|0x0000000091800000, 0x0000000091800000, 0x0000000091900000|  0%| F|  |TAMS 0x0000000091800000| PB 0x0000000091800000| Untracked |  0
|  87|0x0000000091900000, 0x0000000091900000, 0x0000000091a00000|  0%| F|  |TAMS 0x0000000091900000| PB 0x0000000091900000| Untracked |  0
|  88|0x0000000091a00000, 0x0000000091a00000, 0x0000000091b00000|  0%| F|  |TAMS 0x0000000091a00000| PB 0x0000000091a00000| Untracked |  0
|  89|0x0000000091b00000, 0x0000000091b00000, 0x0000000091c00000|  0%| F|  |TAMS 0x0000000091b00000| PB 0x0000000091b00000| Untracked |  0
|  90|0x0000000091c00000, 0x0000000091c00000, 0x0000000091d00000|  0%| F|  |TAMS 0x0000000091c00000| PB 0x0000000091c00000| Untracked |  0
|  91|0x0000000091d00000, 0x0000000091d00000, 0x0000000091e00000|  0%| F|  |TAMS 0x0000000091d00000| PB 0x0000000091d00000| Untracked |  0
|  92|0x0000000091e00000, 0x0000000091e00000, 0x0000000091f00000|  0%| F|  |TAMS 0x0000000091e00000| PB 0x0000000091e00000| Untracked |  0
|  93|0x0000000091f00000, 0x0000000091f00000, 0x0000000092000000|  0%| F|  |TAMS 0x0000000091f00000| PB 0x0000000091f00000| Untracked |  0
|  94|0x0000000092000000, 0x0000000092100000, 0x0000000092100000|100%| E|  |TAMS 0x0000000092000000| PB 0x0000000092000000| Complete |  0
|  95|0x0000000092100000, 0x0000000092200000, 0x0000000092200000|100%| E|CS|TAMS 0x0000000092100000| PB 0x0000000092100000| Complete |  0
|  96|0x0000000092200000, 0x0000000092300000, 0x0000000092300000|100%| E|CS|TAMS 0x0000000092200000| PB 0x0000000092200000| Complete |  0
|  97|0x0000000092300000, 0x0000000092400000, 0x0000000092400000|100%| E|CS|TAMS 0x0000000092300000| PB 0x0000000092300000| Complete |  0
|  98|0x0000000092400000, 0x0000000092500000, 0x0000000092500000|100%| E|CS|TAMS 0x0000000092400000| PB 0x0000000092400000| Complete |  0
|  99|0x0000000092500000, 0x0000000092600000, 0x0000000092600000|100%| E|CS|TAMS 0x0000000092500000| PB 0x0000000092500000| Complete |  0
| 100|0x0000000092600000, 0x0000000092700000, 0x0000000092700000|100%| E|CS|TAMS 0x0000000092600000| PB 0x0000000092600000| Complete |  0
| 101|0x0000000092700000, 0x0000000092800000, 0x0000000092800000|100%| E|CS|TAMS 0x0000000092700000| PB 0x0000000092700000| Complete |  0
| 102|0x0000000092800000, 0x0000000092900000, 0x0000000092900000|100%| E|CS|TAMS 0x0000000092800000| PB 0x0000000092800000| Complete |  0
| 103|0x0000000092900000, 0x0000000092a00000, 0x0000000092a00000|100%| E|CS|TAMS 0x0000000092900000| PB 0x0000000092900000| Complete |  0
| 104|0x0000000092a00000, 0x0000000092b00000, 0x0000000092b00000|100%| E|CS|TAMS 0x0000000092a00000| PB 0x0000000092a00000| Complete |  0
| 105|0x0000000092b00000, 0x0000000092c00000, 0x0000000092c00000|100%| E|CS|TAMS 0x0000000092b00000| PB 0x0000000092b00000| Complete |  0
| 106|0x0000000092c00000, 0x0000000092d00000, 0x0000000092d00000|100%| E|CS|TAMS 0x0000000092c00000| PB 0x0000000092c00000| Complete |  0
| 107|0x0000000092d00000, 0x0000000092e00000, 0x0000000092e00000|100%| E|CS|TAMS 0x0000000092d00000| PB 0x0000000092d00000| Complete |  0
| 108|0x0000000092e00000, 0x0000000092f00000, 0x0000000092f00000|100%| E|CS|TAMS 0x0000000092e00000| PB 0x0000000092e00000| Complete |  0
| 109|0x0000000092f00000, 0x0000000093000000, 0x0000000093000000|100%| E|CS|TAMS 0x0000000092f00000| PB 0x0000000092f00000| Complete |  0
| 110|0x0000000093000000, 0x0000000093100000, 0x0000000093100000|100%| E|CS|TAMS 0x0000000093000000| PB 0x0000000093000000| Complete |  0
| 111|0x0000000093100000, 0x0000000093200000, 0x0000000093200000|100%| E|CS|TAMS 0x0000000093100000| PB 0x0000000093100000| Complete |  0
| 112|0x0000000093200000, 0x0000000093300000, 0x0000000093300000|100%| E|CS|TAMS 0x0000000093200000| PB 0x0000000093200000| Complete |  0
| 113|0x0000000093300000, 0x0000000093400000, 0x0000000093400000|100%| E|CS|TAMS 0x0000000093300000| PB 0x0000000093300000| Complete |  0
| 114|0x0000000093400000, 0x0000000093500000, 0x0000000093500000|100%| E|CS|TAMS 0x0000000093400000| PB 0x0000000093400000| Complete |  0
| 115|0x0000000093500000, 0x0000000093600000, 0x0000000093600000|100%| E|CS|TAMS 0x0000000093500000| PB 0x0000000093500000| Complete |  0
|1852|0x00000000ffe00000, 0x00000000fff00000, 0x00000000fff00000|100%| O|  |TAMS 0x00000000ffe00000| PB 0x00000000ffe00000| Untracked |  0
|1853|0x00000000fff00000, 0x00000000fff1d248, 0x0000000100000000| 11%| O|  |TAMS 0x00000000fff00000| PB 0x00000000fff00000| Untracked |  0

Card table byte_map: [0x000001717c8e0000,0x000001717cc80000] _byte_map_base: 0x000001717c47f000

Marking Bits: (CMBitMap*) 0x00000171649c22a0
 Bits: [0x000001717cc80000, 0x000001717e978000)

Polling page: 0x0000017162a30000

Metaspace:

Usage:
  Non-class:      9.54 MB used.
      Class:    997.85 KB used.
       Both:     10.52 MB used.

Virtual space:
  Non-class space:       64.00 MB reserved,       9.69 MB ( 15%) committed,  1 nodes.
      Class space:        1.00 GB reserved,       1.06 MB ( <1%) committed,  1 nodes.
             Both:        1.06 GB reserved,      10.75 MB ( <1%) committed. 

Chunk freelists:
   Non-Class:  6.22 MB
       Class:  14.75 MB
        Both:  20.97 MB

MaxMetaspaceSize: unlimited
CompressedClassSpaceSize: 1.00 GB
Initial GC threshold: 21.00 MB
Current GC threshold: 21.00 MB
CDS: on
 - commit_granule_bytes: 65536.
 - commit_granule_words: 8192.
 - virtual_space_node_default_size: 8388608.
 - enlarge_chunks_in_place: 1.
UseCompressedClassPointers 1, UseCompactObjectHeaders 0
Narrow klass pointer bits 32, Max shift 3
Narrow klass base: 0x0000017102000000, Narrow klass shift: 0
Encoding Range: [0x0000017102000000 - 0x0000017202000000), (4294967296 bytes)
Klass Range:    [0x0000017102000000 - 0x0000017143000000), (1090519040 bytes)
Klass ID Range:  [8 - 1090519033) (1090519025)


Internal statistics:

num_allocs_failed_limit: 0.
num_arena_births: 128.
num_arena_deaths: 0.
num_vsnodes_births: 2.
num_vsnodes_deaths: 0.
num_space_committed: 172.
num_space_uncommitted: 0.
num_chunks_returned_to_freelist: 0.
num_chunks_taken_from_freelist: 182.
num_chunk_merges: 0.
num_chunk_splits: 104.
num_chunks_enlarged: 45.
num_inconsistent_stats: 0.

CodeHeap 'non-profiled nmethods': size=120064Kb used=440Kb max_used=440Kb free=119623Kb
 bounds [0x0000017174cd0000, 0x0000017174f40000, 0x000001717c210000]
CodeHeap 'profiled nmethods': size=120000Kb used=1912Kb max_used=1912Kb free=118087Kb
 bounds [0x000001716d210000, 0x000001716d480000, 0x0000017174740000]
CodeHeap 'non-nmethods': size=5696Kb used=1533Kb max_used=1552Kb free=4162Kb
 bounds [0x0000017174740000, 0x00000171749b0000, 0x0000017174cd0000]
CodeCache: size=245760Kb, used=3885Kb, max_used=3904Kb, free=241872Kb
 total_blobs=2129, nmethods=1426, adapters=608, full_count=0
Compilation: enabled, stopped_count=0, restarted_count=0

Compilation events (20 events):
Event: 27.364 Thread 0x000001717f3c6d50 1407       3       sun.awt.image.SurfaceManager::getImageScaleX (22 bytes)
Event: 27.365 Thread 0x000001717f3c6d50 nmethod 1407 0x000001716d3e6608 code [0x000001716d3e6780, 0x000001716d3e6b58]
Event: 27.365 Thread 0x000001717f3c6d50 1408       3       sun.awt.image.SurfaceManager::getImageScaleY (22 bytes)
Event: 27.365 Thread 0x000001717f3c6d50 nmethod 1408 0x000001716d3e6b88 code [0x000001716d3e6d00, 0x000001716d3e70d8]
Event: 27.365 Thread 0x000001717f3c6d50 1409   !   3       java.awt.Container::getComponent (29 bytes)
Event: 27.365 Thread 0x000001717f3c6d50 nmethod 1409 0x000001716d3e7108 code [0x000001716d3e7260, 0x000001716d3e7680]
Event: 27.835 Thread 0x000001717f3c6d50 1410       3       java.util.IdentityHashMap::get (60 bytes)
Event: 27.835 Thread 0x000001717f3c6d50 nmethod 1410 0x000001716d3e7708 code [0x000001716d3e7860, 0x000001716d3e7c98]
Event: 27.836 Thread 0x000001717f3c6d50 1411       3       sun.java2d.SunGraphics2D::setFont (105 bytes)
Event: 27.836 Thread 0x000001717f3c6d50 nmethod 1411 0x000001716d3e7d08 code [0x000001716d3e7e80, 0x000001716d3e86e8]
Event: 27.837 Thread 0x000001717f3c6d50 1412       3       sun.java2d.SunGraphics2D::fixRectangleOrientation (97 bytes)
Event: 27.837 Thread 0x000001717f3c6d50 nmethod 1412 0x000001716d3e8788 code [0x000001716d3e88e0, 0x000001716d3e8e68]
Event: 27.837 Thread 0x000001717f3c6d50 1413       3       java.awt.Rectangle::getX (6 bytes)
Event: 27.837 Thread 0x000001717f3c6d50 nmethod 1413 0x000001716d3e8e88 code [0x000001716d3e8fa0, 0x000001716d3e90b0]
Event: 27.837 Thread 0x000001717f3c6d50 1414       3       java.awt.Rectangle::getY (6 bytes)
Event: 27.837 Thread 0x000001717f3c6d50 nmethod 1414 0x000001716d3e9188 code [0x000001716d3e92a0, 0x000001716d3e93b0]
Event: 27.837 Thread 0x000001717f3c6d50 1416       3       sun.java2d.SunGraphics2D::dispose (12 bytes)
Event: 27.838 Thread 0x000001717f3c6d50 nmethod 1416 0x000001716d3e9488 code [0x000001716d3e95a0, 0x000001716d3e97c0]
Event: 28.367 Thread 0x000001717f3c6d50 1417       3       sun.java2d.marlin.ArrayCacheInt$Reference::doCleanRef (14 bytes)
Event: 28.368 Thread 0x000001717f3c6d50 nmethod 1417 0x000001716d3e9808 code [0x000001716d3e9920, 0x000001716d3e9a78]

GC Heap History (0 events):
No events

Dll operation events (10 events):
Event: 0.019 Loaded shared library C:\Program Files\Java\jdk-24\bin\java.dll
Event: 0.088 Loaded shared library C:\Program Files\Java\jdk-24\bin\jsvml.dll
Event: 0.166 Loaded shared library C:\Program Files\Java\jdk-24\bin\net.dll
Event: 0.170 Loaded shared library C:\Program Files\Java\jdk-24\bin\nio.dll
Event: 0.219 Loaded shared library C:\Program Files\Java\jdk-24\bin\zip.dll
Event: 0.290 Loaded shared library C:\Program Files\Java\jdk-24\bin\jimage.dll
Event: 0.324 Loaded shared library C:\Program Files\Java\jdk-24\bin\awt.dll
Event: 15.589 Loaded shared library C:\Program Files\Java\jdk-24\bin\freetype.dll
Event: 15.590 Loaded shared library C:\Program Files\Java\jdk-24\bin\fontmanager.dll
Event: 15.876 Loaded shared library C:\Program Files\Java\jdk-24\bin\javajpeg.dll

Deoptimization events (20 events):
Event: 16.697 Thread 0x0000017147719020 Uncommon trap: trap_request=0xffffff4d fr.pc=0x0000017174d0ef98 relative=0x0000000000000098
Event: 16.697 Thread 0x0000017147719020 Uncommon trap: reason=unstable_if action=reinterpret pc=0x0000017174d0ef98 method=java.lang.Math.round(F)I @ 36 c2
Event: 16.697 Thread 0x0000017147719020 DEOPT PACKING pc=0x0000017174d0ef98 sp=0x0000002d836fd3c0
Event: 16.697 Thread 0x0000017147719020 DEOPT UNPACKING pc=0x0000017174854c02 sp=0x0000002d836fd340 mode 2
Event: 16.723 Thread 0x0000017147719020 Uncommon trap: trap_request=0xffffffde fr.pc=0x0000017174d013b8 relative=0x00000000000006b8
Event: 16.723 Thread 0x0000017147719020 Uncommon trap: reason=class_check action=maybe_recompile pc=0x0000017174d013b8 method=java.util.HashMap.resize()[Ljava/util/HashMap$Node; @ 200 c2
Event: 16.723 Thread 0x0000017147719020 DEOPT PACKING pc=0x0000017174d013b8 sp=0x0000002d836fcfd0
Event: 16.723 Thread 0x0000017147719020 DEOPT UNPACKING pc=0x0000017174854c02 sp=0x0000002d836fcf20 mode 2
Event: 16.727 Thread 0x0000017147719020 Uncommon trap: trap_request=0xffffff4d fr.pc=0x0000017174d2a030 relative=0x00000000000002d0
Event: 16.727 Thread 0x0000017147719020 Uncommon trap: reason=unstable_if action=reinterpret pc=0x0000017174d2a030 method=java.awt.MultipleGradientPaintContext.indexIntoGradientsArrays(F)I @ 93 c2
Event: 16.727 Thread 0x0000017147719020 DEOPT PACKING pc=0x0000017174d2a030 sp=0x0000002d836fcf30
Event: 16.727 Thread 0x0000017147719020 DEOPT UNPACKING pc=0x0000017174854c02 sp=0x0000002d836fcec8 mode 2
Event: 16.810 Thread 0x0000017147719020 Uncommon trap: trap_request=0xffffff4d fr.pc=0x0000017174d2f824 relative=0x0000000000000324
Event: 16.810 Thread 0x0000017147719020 Uncommon trap: reason=unstable_if action=reinterpret pc=0x0000017174d2f824 method=java.awt.MultipleGradientPaintContext.indexIntoGradientsArrays(F)I @ 13 c2
Event: 16.810 Thread 0x0000017147719020 DEOPT PACKING pc=0x0000017174d2f824 sp=0x0000002d836fd6c0
Event: 16.810 Thread 0x0000017147719020 DEOPT UNPACKING pc=0x0000017174854c02 sp=0x0000002d836fd648 mode 2
Event: 21.317 Thread 0x0000017147719020 DEOPT PACKING pc=0x000001716d3aedad sp=0x0000002d836fd990
Event: 21.317 Thread 0x0000017147719020 DEOPT UNPACKING pc=0x0000017174795722 sp=0x0000002d836fcd40 mode 0
Event: 24.830 Thread 0x0000017147719020 DEOPT PACKING pc=0x000001716d3b4964 sp=0x0000002d836fd4d0
Event: 24.830 Thread 0x0000017147719020 DEOPT UNPACKING pc=0x0000017174795722 sp=0x0000002d836fc958 mode 0

Classes loaded (20 events):
Event: 16.801 Loading class java/util/PriorityQueue
Event: 16.802 Loading class java/util/PriorityQueue done
Event: 16.803 Loading class javax/swing/TimerQueue$DelayedTimer
Event: 16.803 Loading class java/util/concurrent/Delayed
Event: 16.803 Loading class java/util/concurrent/Delayed done
Event: 16.803 Loading class javax/swing/TimerQueue$DelayedTimer done
Event: 16.804 Loading class java/util/concurrent/locks/AbstractQueuedSynchronizer$ExclusiveNode
Event: 16.804 Loading class java/util/concurrent/locks/AbstractQueuedSynchronizer$Node
Event: 16.804 Loading class java/awt/TextComponent
Event: 16.804 Loading class java/util/concurrent/locks/AbstractQueuedSynchronizer$Node done
Event: 16.804 Loading class java/util/concurrent/locks/AbstractQueuedSynchronizer$ExclusiveNode done
Event: 16.805 Loading class java/util/concurrent/locks/AbstractQueuedSynchronizer$ConditionNode
Event: 16.805 Loading class java/awt/TextComponent done
Event: 16.805 Loading class java/util/concurrent/ForkJoinPool$ManagedBlocker
Event: 16.805 Loading class java/util/concurrent/ForkJoinPool$ManagedBlocker done
Event: 16.805 Loading class java/util/concurrent/locks/AbstractQueuedSynchronizer$ConditionNode done
Event: 16.813 Loading class java/awt/geom/Path2D$Float$TxIterator
Event: 16.813 Loading class java/awt/geom/Path2D$Iterator
Event: 16.813 Loading class java/awt/geom/Path2D$Iterator done
Event: 16.813 Loading class java/awt/geom/Path2D$Float$TxIterator done

Classes unloaded (0 events):
No events

Classes redefined (0 events):
No events

Internal exceptions (20 events):
Event: 15.739 Thread 0x0000017147719020 Exception <a 'java/lang/ClassNotFoundException'{0x0000000092cab630}: ToolBar> (0x0000000092cab630) 
thrown [s\open\src\hotspot\share\classfile\systemDictionary.cpp, line 327]
Event: 15.739 Thread 0x0000017147719020 Exception <a 'java/lang/ClassNotFoundException'{0x0000000092cab990}: Button> (0x0000000092cab990) 
thrown [s\open\src\hotspot\share\classfile\systemDictionary.cpp, line 327]
Event: 15.739 Thread 0x0000017147719020 Exception <a 'java/lang/ClassNotFoundException'{0x0000000092cabe58}: ToolBar> (0x0000000092cabe58) 
thrown [s\open\src\hotspot\share\classfile\systemDictionary.cpp, line 327]
Event: 15.739 Thread 0x0000017147719020 Exception <a 'java/lang/ClassNotFoundException'{0x0000000092cac1c8}: ToggleButton> (0x0000000092cac1c8) 
thrown [s\open\src\hotspot\share\classfile\systemDictionary.cpp, line 327]
Event: 15.739 Thread 0x0000017147719020 Exception <a 'java/lang/ClassNotFoundException'{0x0000000092cac608}: javax/swing/JToolBarSeparator> (0x0000000092cac608) 
thrown [s\open\src\hotspot\share\classfile\systemDictionary.cpp, line 327]
Event: 15.739 Thread 0x0000017147719020 Exception <a 'java/lang/ClassNotFoundException'{0x0000000092cac918}: ToolBarSeparator> (0x0000000092cac918) 
thrown [s\open\src\hotspot\share\classfile\systemDictionary.cpp, line 327]
Event: 15.741 Thread 0x0000017147719020 Exception <a 'java/lang/ClassNotFoundException'{0x0000000092cace30}: ToolTip> (0x0000000092cace30) 
thrown [s\open\src\hotspot\share\classfile\systemDictionary.cpp, line 327]
Event: 15.743 Thread 0x0000017147719020 Exception <a 'java/lang/ClassNotFoundException'{0x0000000092cad780}: Tree> (0x0000000092cad780) 
thrown [s\open\src\hotspot\share\classfile\systemDictionary.cpp, line 327]
Event: 15.743 Thread 0x0000017147719020 Exception <a 'java/lang/ClassNotFoundException'{0x0000000092cadc78}: Tree> (0x0000000092cadc78) 
thrown [s\open\src\hotspot\share\classfile\systemDictionary.cpp, line 327]
Event: 15.743 Thread 0x0000017147719020 Exception <a 'java/lang/ClassNotFoundException'{0x0000000092cadfe8}: javax/swing/JTreeCell> (0x0000000092cadfe8) 
thrown [s\open\src\hotspot\share\classfile\systemDictionary.cpp, line 327]
Event: 15.743 Thread 0x0000017147719020 Exception <a 'java/lang/ClassNotFoundException'{0x0000000092cae2f0}: TreeCell> (0x0000000092cae2f0) 
thrown [s\open\src\hotspot\share\classfile\systemDictionary.cpp, line 327]
Event: 15.743 Thread 0x0000017147719020 Exception <a 'java/lang/ClassNotFoundException'{0x0000000092cae8e8}: RootPane> (0x0000000092cae8e8) 
thrown [s\open\src\hotspot\share\classfile\systemDictionary.cpp, line 327]
Event: 16.150 Thread 0x0000017147719020 Exception <a 'java/lang/ClassNotFoundException'{0x0000000092cecc48}: com/sun/swing/internal/plaf/synth/resources/spi/synthProvider> (0x0000000092cecc48) 
thrown [s\open\src\hotspot\share\classfile\systemDictionary.cpp, line 327]
Event: 16.201 Thread 0x0000017147719020 Exception <a 'java/lang/NoSuchMethodError'{0x0000000092538258}: 'java.lang.Object java.lang.invoke.DirectMethodHandle$Holder.invokeStatic(java.lang.Object, java.lang.Object, java.lang.Object, java.lang.Object, int)'> (0x0000000092538258) 
thrown [s\open\src\hotspot\share\interpreter\linkResolver.cpp, line 805]
Event: 16.205 Thread 0x0000017147719020 Exception <a 'java/lang/NoSuchMethodError'{0x00000000925525a0}: 'int java.lang.invoke.DirectMethodHandle$Holder.invokeSpecial(java.lang.Object, java.lang.Object, java.lang.Object)'> (0x00000000925525a0) 
thrown [s\open\src\hotspot\share\interpreter\linkResolver.cpp, line 805]
Event: 16.278 Thread 0x0000017147719020 Exception <a 'java/lang/NoSuchMethodError'{0x00000000925ac858}: 'void java.lang.invoke.DirectMethodHandle$Holder.invokeStatic(java.lang.Object, java.lang.Object)'> (0x00000000925ac858) 
thrown [s\open\src\hotspot\share\interpreter\linkResolver.cpp, line 805]
Event: 16.353 Thread 0x00000171472cdc90 Exception <a 'java/lang/NoSuchMethodError'{0x00000000931901b0}: 'void java.lang.invoke.DirectMethodHandle$Holder.invokeVirtual(java.lang.Object, java.lang.Object)'> (0x00000000931901b0) 
thrown [s\open\src\hotspot\share\interpreter\linkResolver.cpp, line 805]
Event: 16.497 Thread 0x0000017147719020 Exception <a 'java/lang/NoSuchMethodError'{0x0000000092417ee0}: 'void java.lang.invoke.DelegatingMethodHandle$Holder.reinvoke_L(java.lang.Object, java.lang.Object, java.lang.Object, java.lang.Object, long, long, float)'> (0x0000000092417ee0) 
thrown [s\open\src\hotspot\share\interpreter\linkResolver.cpp, line 805]
Event: 16.501 Thread 0x0000017147719020 Exception <a 'java/lang/NoSuchMethodError'{0x0000000092438098}: 'java.lang.Object java.lang.invoke.DirectMethodHandle$Holder.invokeStatic(java.lang.Object, java.lang.Object, java.lang.Object, java.lang.Object, java.lang.Object, long)'> (0x0000000092438098) 
thrown [s\open\src\hotspot\share\interpreter\linkResolver.cpp, line 805]
Event: 16.509 Thread 0x0000017147719020 Exception <a 'java/lang/NoSuchMethodError'{0x000000009247b810}: 'float java.lang.invoke.DelegatingMethodHandle$Holder.reinvoke_L(java.lang.Object, java.lang.Object, java.lang.Object, java.lang.Object, long, long)'> (0x000000009247b810) 
thrown [s\open\src\hotspot\share\interpreter\linkResolver.cpp, line 805]

VM Operations (10 events):
Event: 0.181 Executing VM operation: HandshakeAllThreads (Deoptimize)
Event: 0.182 Executing VM operation: HandshakeAllThreads (Deoptimize) done
Event: 15.854 Executing VM operation: HandshakeAllThreads (Deoptimize)
Event: 15.854 Executing VM operation: HandshakeAllThreads (Deoptimize) done
Event: 15.903 Executing VM operation: HandshakeAllThreads (Deoptimize)
Event: 15.903 Executing VM operation: HandshakeAllThreads (Deoptimize) done
Event: 16.245 Executing VM operation: HandshakeAllThreads (Deoptimize)
Event: 16.245 Executing VM operation: HandshakeAllThreads (Deoptimize) done
Event: 16.664 Executing VM operation: HandshakeAllThreads (Deoptimize)
Event: 16.665 Executing VM operation: HandshakeAllThreads (Deoptimize) done

Memory protections (0 events):
No events

Nmethod flushes (0 events):
No events

Events (20 events):
Event: 0.085 Thread 0x00000171625c1da0 Thread added: 0x000001717f3afcb0
Event: 0.086 Thread 0x00000171625c1da0 Thread added: 0x000001717f3b1420
Event: 0.086 Thread 0x00000171625c1da0 Thread added: 0x000001717f3b2cc0
Event: 0.086 Thread 0x00000171625c1da0 Thread added: 0x000001717f3bc990
Event: 0.086 Thread 0x00000171625c1da0 Thread added: 0x000001717f3c6d50
Event: 0.161 Thread 0x00000171625c1da0 Thread added: 0x0000017147088d10
Event: 0.195 Thread 0x000001717f3c6d50 Thread added: 0x000001717f3c65c0
Event: 0.200 Thread 0x00000171625c1da0 Thread added: 0x00000171471b8a40
Event: 0.399 Thread 0x00000171625c1da0 Thread added: 0x00000171472c8e00
Event: 0.401 Thread 0x00000171625c1da0 Thread added: 0x00000171472cd550
Event: 0.402 Thread 0x00000171625c1da0 Thread added: 0x00000171472cdc90
Event: 0.583 Thread 0x00000171625c1da0 Thread added: 0x0000017147719020
Event: 0.583 Thread 0x00000171625c1da0 Thread exited: 0x00000171625c1da0
Event: 0.583 Thread 0x00000171625c1da0 Thread added: 0x00000171625c1da0
Event: 5.615 Thread 0x000001717f3c65c0 Thread exited: 0x000001717f3c65c0
Event: 15.772 Thread 0x0000017147719020 Thread added: 0x0000017147122360
Event: 15.809 Thread 0x000001717f3c6d50 Thread added: 0x000001717f3c65c0
Event: 16.386 Thread 0x000001717f3c65c0 Thread exited: 0x000001717f3c65c0
Event: 16.803 Thread 0x0000017147719020 Thread added: 0x000001714ee4b360
Event: 21.150 Thread 0x0000017147122360 Thread exited: 0x0000017147122360


Dynamic libraries:
0x00007ff6dc0d0000 - 0x00007ff6dc0e0000 	C:\Program Files\Java\jdk-24\bin\java.exe
0x00007fff1a000000 - 0x00007fff1a269000 	C:\Windows\SYSTEM32\ntdll.dll
0x00007ffee9e10000 - 0x00007ffee9e30000 	C:\Program Files\Avast Software\Avast\aswhook.dll
0x00007fff18c60000 - 0x00007fff18d29000 	C:\Windows\System32\KERNEL32.DLL
0x00007fff17190000 - 0x00007fff17583000 	C:\Windows\System32\KERNELBASE.dll
0x00007fff17c80000 - 0x00007fff17dcb000 	C:\Windows\System32\ucrtbase.dll
0x00007ffef5ca0000 - 0x00007ffef5cb6000 	C:\Program Files\Java\jdk-24\bin\jli.dll
0x00007ffef6c10000 - 0x00007ffef6c2b000 	C:\Program Files\Java\jdk-24\bin\VCRUNTIME140.dll
0x00007fff19bb0000 - 0x00007fff19d74000 	C:\Windows\System32\USER32.dll
0x00007fff17c50000 - 0x00007fff17c77000 	C:\Windows\System32\win32u.dll
0x00007ffef1560000 - 0x00007ffef17f3000 	C:\Windows\WinSxS\amd64_microsoft.windows.common-controls_6595b64144ccf1df_6.0.26100.5074_none_3e0d6f78e32fd63f\COMCTL32.dll
0x00007fff18e30000 - 0x00007fff18e5b000 	C:\Windows\System32\GDI32.dll
0x00007fff17f20000 - 0x00007fff17fc9000 	C:\Windows\System32\msvcrt.dll
0x00007fff17590000 - 0x00007fff176bd000 	C:\Windows\System32\gdi32full.dll
0x00007fff17900000 - 0x00007fff179a3000 	C:\Windows\System32\msvcp_win.dll
0x00007fff18c20000 - 0x00007fff18c4f000 	C:\Windows\System32\IMM32.DLL
0x00007fff09bf0000 - 0x00007fff09bfc000 	C:\Program Files\Java\jdk-24\bin\vcruntime140_1.dll
0x00007ffebb070000 - 0x00007ffebb0fe000 	C:\Program Files\Java\jdk-24\bin\msvcp140.dll
0x00007ffe44d00000 - 0x00007ffe45aa1000 	C:\Program Files\Java\jdk-24\bin\server\jvm.dll
0x00007fff19af0000 - 0x00007fff19ba4000 	C:\Windows\System32\ADVAPI32.dll
0x00007fff19540000 - 0x00007fff195e6000 	C:\Windows\System32\sechost.dll
0x00007fff19650000 - 0x00007fff19768000 	C:\Windows\System32\RPCRT4.dll
0x00007fff18f00000 - 0x00007fff18f74000 	C:\Windows\System32\WS2_32.dll
0x00007fff0d280000 - 0x00007fff0d2b5000 	C:\Windows\SYSTEM32\WINMM.dll
0x00007fff0afa0000 - 0x00007fff0afab000 	C:\Windows\SYSTEM32\VERSION.dll
0x00007fff16ff0000 - 0x00007fff1704e000 	C:\Windows\SYSTEM32\POWRPROF.dll
0x00007fff16fd0000 - 0x00007fff16fe4000 	C:\Windows\SYSTEM32\UMPDC.dll
0x00007fff15f70000 - 0x00007fff15f8b000 	C:\Windows\SYSTEM32\kernel.appcore.dll
0x00007fff052c0000 - 0x00007fff052ca000 	C:\Program Files\Java\jdk-24\bin\jimage.dll
0x00007fff078f0000 - 0x00007fff07b32000 	C:\Windows\SYSTEM32\DBGHELP.DLL
0x00007fff19770000 - 0x00007fff19aeb000 	C:\Windows\System32\combase.dll
0x00007fff19d80000 - 0x00007fff19e57000 	C:\Windows\System32\OLEAUT32.dll
0x00007fff06b30000 - 0x00007fff06b6d000 	C:\Windows\SYSTEM32\dbgcore.DLL
0x00007fff17a40000 - 0x00007fff17ad9000 	C:\Windows\System32\bcryptPrimitives.dll
0x00007ffef5d60000 - 0x00007ffef5d7e000 	C:\Program Files\Java\jdk-24\bin\java.dll
0x00007fff18040000 - 0x00007fff181d8000 	C:\Windows\System32\ole32.dll
0x00007fff184d0000 - 0x00007fff18c1d000 	C:\Windows\System32\SHELL32.dll
0x00007fff17ae0000 - 0x00007fff17c4c000 	C:\Windows\System32\wintypes.dll
0x00007fff14df0000 - 0x00007fff15649000 	C:\Windows\SYSTEM32\windows.storage.dll
0x00007fff18d30000 - 0x00007fff18e20000 	C:\Windows\System32\SHCORE.dll
0x00007fff17fd0000 - 0x00007fff18032000 	C:\Windows\System32\shlwapi.dll
0x00007fff170b0000 - 0x00007fff170d9000 	C:\Windows\SYSTEM32\profapi.dll
0x00007ffebb570000 - 0x00007ffebb647000 	C:\Program Files\Java\jdk-24\bin\jsvml.dll
0x00007ffef8540000 - 0x00007ffef8550000 	C:\Program Files\Java\jdk-24\bin\net.dll
0x00007fff164f0000 - 0x00007fff1655b000 	C:\Windows\system32\mswsock.dll
0x00007ffeef060000 - 0x00007ffeef076000 	C:\Program Files\Java\jdk-24\bin\nio.dll
0x00007ffef5b40000 - 0x00007ffef5b57000 	C:\Program Files\Java\jdk-24\bin\zip.dll
0x00007ffea3800000 - 0x00007ffea397f000 	C:\Program Files\Java\jdk-24\bin\awt.dll
0x00007fff14240000 - 0x00007fff142de000 	C:\Windows\SYSTEM32\apphelp.dll
0x00007fff14470000 - 0x00007fff14518000 	C:\Windows\system32\uxtheme.dll
0x00007fff19e60000 - 0x00007fff19fb8000 	C:\Windows\System32\MSCTF.dll
0x00007fff146e0000 - 0x00007fff1470b000 	C:\Windows\system32\DWMAPI.DLL
0x00007ffeda3b0000 - 0x00007ffeda4bc000 	C:\Windows\system32\opengl32.dll
0x00007ffeee990000 - 0x00007ffeee9bd000 	C:\Windows\SYSTEM32\GLU32.dll
0x00007fff14740000 - 0x00007fff14784000 	C:\Windows\SYSTEM32\dxcore.dll
0x00007ffedae00000 - 0x00007ffedafb1000 	C:\Windows\system32\d3d9.dll
0x00007ffed8790000 - 0x00007ffed87b0000 	C:\Windows\System32\DriverStore\FileRepository\u0405849.inf_amd64_482f52cda3d6e4d6\B405142\atidx9loader64.dll
0x00007ffe8f7a0000 - 0x00007ffe92fe4000 	C:\Windows\System32\DriverStore\FileRepository\u0405849.inf_amd64_482f52cda3d6e4d6\B405142\AMDXN64.DLL
0x00007fff18fa0000 - 0x00007fff19427000 	C:\Windows\System32\SETUPAPI.dll
0x00007fff14580000 - 0x00007fff146ba000 	C:\Windows\SYSTEM32\dxgi.dll
0x00007fff17080000 - 0x00007fff170a6000 	C:\Windows\SYSTEM32\BCrypt.dll
0x00007fff0cf60000 - 0x00007fff0cf97000 	C:\Windows\System32\DriverStore\FileRepository\u0405849.inf_amd64_482f52cda3d6e4d6\B405142\amdihk64.dll
0x00007fff11f20000 - 0x00007fff11f80000 	C:\Windows\SYSTEM32\directxdatabasehelper.dll
0x00007ffeb68e0000 - 0x00007ffeb6967000 	C:\Program Files\Java\jdk-24\bin\freetype.dll
0x00007ffeb65d0000 - 0x00007ffeb66b7000 	C:\Program Files\Java\jdk-24\bin\fontmanager.dll
0x00007ffef5cc0000 - 0x00007ffef5cee000 	C:\Program Files\Java\jdk-24\bin\javajpeg.dll
0x00007fff17e60000 - 0x00007fff17f11000 	C:\Windows\System32\clbcatq.dll
0x00007fff129f0000 - 0x00007fff12c1f000 	C:\Windows\SYSTEM32\WindowsCodecs.dll
0x00007ffeef830000 - 0x00007ffeef88a000 	C:\Windows\system32\dataexchange.dll
0x00007fff0bc70000 - 0x00007fff0bea9000 	C:\Windows\system32\twinapi.appcore.dll
0x00007fff04a90000 - 0x00007fff04bd9000 	C:\Windows\SYSTEM32\textinputframework.dll
0x00007fff13e80000 - 0x00007fff13fa5000 	C:\Windows\SYSTEM32\CoreMessaging.dll
0x00007fff116d0000 - 0x00007fff119b3000 	C:\Windows\SYSTEM32\CoreUIComponents.dll
0x00007fff16790000 - 0x00007fff1679c000 	C:\Windows\SYSTEM32\CRYPTBASE.DLL

JVMTI agents: none

dbghelp: loaded successfully - version: 4.0.5 - missing functions: none
symbol engine: initialized successfully - sym options: 0x614 - pdb path: .;C:\Program Files\Java\jdk-24\bin;C:\Windows\SYSTEM32;C:\Program Files\Avast Software\Avast;C:\Windows\WinSxS\amd64_microsoft.windows.common-controls_6595b64144ccf1df_6.0.26100.5074_none_3e0d6f78e32fd63f;C:\Program Files\Java\jdk-24\bin\server;C:\Windows\System32\DriverStore\FileRepository\u0405849.inf_amd64_482f52cda3d6e4d6\B405142

VM Arguments:
jvm_args: -Dfile.encoding=UTF-8 --module-path=C:\Users\ssemu\OneDrive\Desktop\code\Java Code\TrainBookingSystem\build\classes 
java_command: app.Main
java_class_path (initial): C:\Users\ssemu\OneDrive\Desktop\mysql-connector-j-9.4.0\mysql-connector-j-9.4.0\mysql-connector-j-9.4.0.jar;C:\Users\ssemu\Downloads\jbcrypt-0.4.jar;C:\Users\ssemu\OneDrive\Desktop\code\itext-5.5.5.zip;C:\Users\ssemu\OneDrive\Desktop\code\itext-5.5.5\itext-pdfa-5.5.5-javadoc.jar;C:\Users\ssemu\OneDrive\Desktop\code\itext-5.5.5\itext-pdfa-5.5.5-sources.jar;C:\Users\ssemu\OneDrive\Desktop\code\itext-5.5.5\itext-pdfa-5.5.5.jar;C:\Users\ssemu\OneDrive\Desktop\code\itext-5.5.5\itext-xtra-5.5.5-javadoc.jar;C:\Users\ssemu\OneDrive\Desktop\code\itext-5.5.5\itext-xtra-5.5.5-sources.jar;C:\Users\ssemu\OneDrive\Desktop\code\itext-5.5.5\itext-xtra-5.5.5.jar;C:\Users\ssemu\OneDrive\Desktop\code\itext-5.5.5\itextpdf-5.5.5-javadoc.jar;C:\Users\ssemu\OneDrive\Desktop\code\itext-5.5.5\itextpdf-5.5.5-sources.jar;C:\Users\ssemu\OneDrive\Desktop\code\itext-5.5.5\itextpdf-5.5.5.jar;C:\Users\ssemu\Downloads\jdatepicker-1.3.4.jar;C:\Users\ssemu\OneDrive\Desktop\code\Java Code\TrainBookingSystem\build\classes
Launcher Type: SUN_STANDARD

[Global flags]
     intx CICompilerCount                          = 4                                         {product} {ergonomic}
     uint ConcGCThreads                            = 2                                         {product} {ergonomic}
     uint G1ConcRefinementThreads                  = 8                                         {product} {ergonomic}
   size_t G1HeapRegionSize                         = 1048576                                   {product} {ergonomic}
   size_t InitialHeapSize                          = 121634816                                 {product} {ergonomic}
   size_t MarkStackSize                            = 4194304                                   {product} {ergonomic}
   size_t MarkStackSizeMax                         = 536870912                                 {product} {ergonomic}
   size_t MaxHeapSize                              = 1944059904                                {product} {ergonomic}
   size_t MaxNewSize                               = 1166016512                                {product} {ergonomic}
   size_t MinHeapDeltaBytes                        = 1048576                                   {product} {ergonomic}
   size_t MinHeapSize                              = 8388608                                   {product} {ergonomic}
    uintx NonNMethodCodeHeapSize                   = 5832704                                {pd product} {ergonomic}
    uintx NonProfiledCodeHeapSize                  = 122945536                              {pd product} {ergonomic}
    uintx ProfiledCodeHeapSize                     = 122880000                              {pd product} {ergonomic}
    uintx ReservedCodeCacheSize                    = 251658240                              {pd product} {ergonomic}
     bool SegmentedCodeCache                       = true                                      {product} {ergonomic}
   size_t SoftMaxHeapSize                          = 1944059904                             {manageable} {ergonomic}
     bool UseCompressedOops                        = true                           {product lp64_product} {ergonomic}
     bool UseG1GC                                  = true                                      {product} {ergonomic}
     bool UseLargePagesIndividualAllocation        = false                                  {pd product} {ergonomic}

Logging:
Log output configuration:
 #0: stdout all=warning uptime,level,tags foldmultilines=false
 #1: stderr all=off uptime,level,tags foldmultilines=false

Environment Variables:
PATH=C:\Program Files\Common Files\Oracle\Java\javapath;C:\Windows\system32;C:\Windows;C:\Windows\System32\Wbem;C:\Windows\System32\WindowsPowerShell\v1.0\;C:\Windows\System32\OpenSSH\;C:\Program Files\Git\cmd;C:\Program Files\nodejs\;C:\ProgramData\chocolatey\bin;C:\Users\ssemu\AppData\Local\Programs\Python\Python313\Scripts\;C:\Users\ssemu\AppData\Local\Programs\Python\Python313\;C:\Users\ssemu\AppData\Local\Microsoft\WindowsApps;C:\Users\ssemu\AppData\Local\Programs\Microsoft VS Code\bin;C:\Users\ssemu\AppData\Local\GitHubDesktop\bin;C:\Users\ssemu\AppData\Roaming\npm
USERNAME=ssemu
OS=Windows_NT
PROCESSOR_IDENTIFIER=AMD64 Family 23 Model 160 Stepping 0, AuthenticAMD
TMP=C:\Users\ssemu\AppData\Local\Temp
TEMP=C:\Users\ssemu\AppData\Local\Temp




Periodic native trim disabled

---------------  S Y S T E M  ---------------

OS:
 Windows 11 , 64 bit Build 26100 (10.0.26100.5074)
OS uptime: 2 days 9:54 hours
Hyper-V role detected

CPU: total 8 (initial active 8) (8 cores per cpu, 2 threads per core) family 23 model 160 stepping 0 microcode 0x8a00009, cx8, cmov, fxsr, ht, mmx, 3dnowpref, sse, sse2, sse3, ssse3, sse4a, sse4.1, sse4.2, popcnt, lzcnt, tsc, tscinvbit, avx, avx2, aes, clmul, bmi1, bmi2, adx, sha, fma, vzeroupper, clflush, clflushopt, hv, rdtscp, rdpid, f16c
Processor Information for the first 8 processors :
  Max Mhz: 2401, Current Mhz: 2401, Mhz Limit: 2401

Memory: 4k page, system-wide physical 7413M (893M free)
TotalPageFile size 22482M (AvailPageFile size 18M)
current process WorkingSet (physical memory assigned to process): 109M, peak: 109M
current process commit charge ("private bytes"): 229M, peak: 232M

vm_info: Java HotSpot(TM) 64-Bit Server VM (24.0.2+12-54) for windows-amd64 JRE (24.0.2+12-54), built on 2025-07-08T12:10:27Z with MS VC++ 17.6 (VS2022)

END.
