#
# There is insufficient memory for the Java Runtime Environment to continue.
# Native memory allocation (malloc) failed to allocate 1438544 bytes. Error detail: Chunk::new
# Possible reasons:
#   The system is out of physical RAM or swap space
#   This process is running with CompressedOops enabled, and the Java Heap may be blocking the growth of the native heap
# Possible solutions:
#   Reduce memory load on the system
#   Increase physical memory or swap space
#   Check if swap backing store is full
#   Decrease Java heap size (-Xmx/-Xms)
#   Decrease number of Java threads
#   Decrease Java thread stack sizes (-Xss)
#   Set larger code cache with -XX:ReservedCodeCacheSize=
#   JVM is running with Unscaled Compressed Oops mode in which the Java heap is
#     placed in the first 4GB address space. The Java Heap base address is the
#     maximum limit for the native heap growth. Please use -XX:HeapBaseMinAddress
#     to set the Java Heap base and to place the Java Heap above 4GB virtual address.
# This output file may be truncated or incomplete.
#
#  Out of Memory Error (arena.cpp:162), pid=10060, tid=18472
#
# JRE version: Java(TM) SE Runtime Environment (24.0.2+12) (build 24.0.2+12-54)
# Java VM: Java HotSpot(TM) 64-Bit Server VM (24.0.2+12-54, mixed mode, sharing, tiered, compressed oops, compressed class ptrs, g1 gc, windows-amd64)
# No core dump will be written. Minidumps are not enabled by default on client versions of Windows
#

---------------  S U M M A R Y ------------

Command Line: -Dfile.encoding=UTF-8 --module-path=C:\Users\ssemu\OneDrive\Desktop\code\Java Code\TrainBookingSystem\build\classes app.Main

Host: AMD Ryzen 3 7320U with Radeon Graphics         , 8 cores, 7G,  Windows 11 , 64 bit Build 26100 (10.0.26100.5074)
Time: Fri Sep 19 16:15:02 2025 E. Africa Standard Time elapsed time: 1.768803 seconds (0d 0h 0m 1s)

---------------  T H R E A D  ---------------

Current thread (0x000001fe1e695800):  JavaThread "C2 CompilerThread0" daemon [_thread_in_native, id=18472, stack(0x0000006bbc300000,0x0000006bbc400000) (1024K)]


Current CompileTask:
C2:1768  616       4       java.lang.StringLatin1::replace (197 bytes)

Stack: [0x0000006bbc300000,0x0000006bbc400000]
Native frames: (J=compiled Java code, j=interpreted, Vv=VM code, C=native code)
V  [jvm.dll+0x730829]  (no source info available)
V  [jvm.dll+0x8d9da3]  (no source info available)
V  [jvm.dll+0x8dc28d]  (no source info available)
V  [jvm.dll+0x8dc903]  (no source info available)
V  [jvm.dll+0x2a9f56]  (no source info available)
V  [jvm.dll+0xced7f]  (no source info available)
V  [jvm.dll+0xcefdf]  (no source info available)
V  [jvm.dll+0x154c83]  (no source info available)
V  [jvm.dll+0x73604f]  (no source info available)
V  [jvm.dll+0x26f8dc]  (no source info available)
V  [jvm.dll+0x26e8ff]  (no source info available)
V  [jvm.dll+0x1e9c90]  (no source info available)
V  [jvm.dll+0x27e0cb]  (no source info available)
V  [jvm.dll+0x27c36a]  (no source info available)
V  [jvm.dll+0x42f396]  (no source info available)
V  [jvm.dll+0x87d9eb]  (no source info available)
V  [jvm.dll+0x72ef45]  (no source info available)
C  [ucrtbase.dll+0x37b0]  (no source info available)
C  [KERNEL32.DLL+0x2e8d7]  (no source info available)
C  [ntdll.dll+0x8d9c]  (no source info available)

Lock stack of current Java thread (top to bottom):


---------------  P R O C E S S  ---------------

Threads class SMR info:
_java_thread_list=0x000001fe640358c0, length=15, elements={
0x000001fe1e676750, 0x000001fe1e677130, 0x000001fe1e67f1e0, 0x000001fe1e67c600,
0x000001fe1e67ea90, 0x000001fe1e67beb0, 0x000001fe1e695800, 0x000001fe1e699ce0,
0x000001fe1e67e340, 0x000001fe1e67cd50, 0x000001fe1e67d4a0, 0x000001fe1e67dbf0,
0x000001fe1e94d240, 0x000001fe1e94caf0, 0x000001fe1e94c3a0
}

Java Threads: ( => current thread )
  0x000001fe1e676750 JavaThread "Reference Handler"          daemon [_thread_blocked, id=34084, stack(0x0000006bbbd00000,0x0000006bbbe00000) (1024K)]
  0x000001fe1e677130 JavaThread "Finalizer"                  daemon [_thread_blocked, id=7492, stack(0x0000006bbbe00000,0x0000006bbbf00000) (1024K)]
  0x000001fe1e67f1e0 JavaThread "Signal Dispatcher"          daemon [_thread_blocked, id=16196, stack(0x0000006bbbf00000,0x0000006bbc000000) (1024K)]
  0x000001fe1e67c600 JavaThread "Attach Listener"            daemon [_thread_blocked, id=26056, stack(0x0000006bbc000000,0x0000006bbc100000) (1024K)]
  0x000001fe1e67ea90 JavaThread "Service Thread"             daemon [_thread_blocked, id=26408, stack(0x0000006bbc100000,0x0000006bbc200000) (1024K)]
  0x000001fe1e67beb0 JavaThread "Monitor Deflation Thread"   daemon [_thread_blocked, id=31416, stack(0x0000006bbc200000,0x0000006bbc300000) (1024K)]
=>0x000001fe1e695800 JavaThread "C2 CompilerThread0"         daemon [_thread_in_native, id=18472, stack(0x0000006bbc300000,0x0000006bbc400000) (1024K)]
  0x000001fe1e699ce0 JavaThread "C1 CompilerThread0"         daemon [_thread_in_vm, id=30160, stack(0x0000006bbc400000,0x0000006bbc500000) (1024K)]
  0x000001fe1e67e340 JavaThread "Common-Cleaner"             daemon [_thread_blocked, id=7008, stack(0x0000006bbc500000,0x0000006bbc600000) (1024K)]
  0x000001fe1e67cd50 JavaThread "Notification Thread"        daemon [_thread_blocked, id=23816, stack(0x0000006bbc600000,0x0000006bbc700000) (1024K)]
  0x000001fe1e67d4a0 JavaThread "Java2D Disposer"            daemon [_thread_blocked, id=23216, stack(0x0000006bbc800000,0x0000006bbc900000) (1024K)]
  0x000001fe1e67dbf0 JavaThread "AWT-Shutdown"                      [_thread_blocked, id=2384, stack(0x0000006bbc900000,0x0000006bbca00000) (1024K)]
  0x000001fe1e94d240 JavaThread "AWT-Windows"                daemon [_thread_in_native, id=24384, stack(0x0000006bbca00000,0x0000006bbcb00000) (1024K)]
  0x000001fe1e94caf0 JavaThread "AWT-EventQueue-0"                  [_thread_in_native, id=20868, stack(0x0000006bbcb00000,0x0000006bbcc00000) (1024K)]
  0x000001fe1e94c3a0 JavaThread "DestroyJavaVM"                     [_thread_blocked, id=33980, stack(0x0000006bbb500000,0x0000006bbb600000) (1024K)]
Total: 15

Other Threads:
  0x000001fe1e665180 VMThread "VM Thread"                           [id=34760, stack(0x0000006bbbc00000,0x0000006bbbd00000) (1024K)]
  0x000001fe1e5325c0 WatcherThread "VM Periodic Task Thread"        [id=32776, stack(0x0000006bbbb00000,0x0000006bbbc00000) (1024K)]
  0x000001fe01c9f6f0 WorkerThread "GC Thread#0"                     [id=18844, stack(0x0000006bbb600000,0x0000006bbb700000) (1024K)]
  0x000001fe01cb3900 ConcurrentGCThread "G1 Main Marker"            [id=33588, stack(0x0000006bbb700000,0x0000006bbb800000) (1024K)]
  0x000001fe01cb4410 WorkerThread "G1 Conc#0"                       [id=26308, stack(0x0000006bbb800000,0x0000006bbb900000) (1024K)]
  0x000001fe1e527190 ConcurrentGCThread "G1 Refine#0"               [id=26784, stack(0x0000006bbb900000,0x0000006bbba00000) (1024K)]
  0x000001fe1e527d10 ConcurrentGCThread "G1 Service"                [id=30804, stack(0x0000006bbba00000,0x0000006bbbb00000) (1024K)]
Total: 7

Threads with active compile tasks:
C2 CompilerThread0  1962  616       4       java.lang.StringLatin1::replace (197 bytes)
Total: 1

VM state: not at safepoint (normal execution)

VM Mutex/Monitor currently owned by a thread: None

Heap address: 0x000000008c200000, size: 1854 MB, Compressed Oops mode: 32-bit

CDS archive(s) mapped at: [0x000001fe1f000000-0x000001fe1fd40000-0x000001fe1fd40000), size 13893632, SharedBaseAddress: 0x000001fe1f000000, ArchiveRelocationMode: 1.
Compressed class space mapped at: 0x000001fe20000000-0x000001fe60000000, reserved size: 1073741824
UseCompressedClassPointers 1, UseCompactObjectHeaders 0
Narrow klass pointer bits 32, Max shift 3
Narrow klass base: 0x000001fe1f000000, Narrow klass shift: 0
Encoding Range: [0x000001fe1f000000 - 0x000001ff1f000000), (4294967296 bytes)
Klass Range:    [0x000001fe1f000000 - 0x000001fe60000000), (1090519040 bytes)
Klass ID Range:  [8 - 1090519033) (1090519025)

GC Precious Log:
 CardTable entry size: 512
 Card Set container configuration: InlinePtr #cards 5 size 8 Array Of Cards #cards 10 size 36 Howl #buckets 4 coarsen threshold 1843 Howl Bitmap #cards 512 size 80 coarsen threshold 460 Card regions per heap region 1 cards per card region 2048
 CPUs: 8 total, 8 available
 Memory: 7413M
 Large Page Support: Disabled
 NUMA Support: Disabled
 Compressed Oops: Enabled (32-bit)
 Heap Region Size: 1M
 Heap Min Capacity: 8M
 Heap Initial Capacity: 116M
 Heap Max Capacity: 1854M
 Pre-touch: Disabled
 Parallel Workers: 8
 Concurrent Workers: 2
 Concurrent Refinement Workers: 8
 Periodic GC: Disabled

Heap:
 garbage-first heap   total reserved 1898496K, committed 120832K, used 11380K [0x000000008c200000, 0x0000000100000000)
  region size 1024K, 11 young (11264K), 0 survivors (0K)
 Metaspace       used 7007K, committed 7168K, reserved 1114112K
  class space    used 632K, committed 704K, reserved 1048576K

Heap Regions: E=young(eden), S=young(survivor), O=old, HS=humongous(starts), HC=humongous(continues), CS=collection set, F=free, TAMS=top-at-mark-start, PB=parsable bottom
|   0|0x000000008c200000, 0x000000008c200000, 0x000000008c300000|  0%| F|  |TAMS 0x000000008c200000| PB 0x000000008c200000| Untracked |  0
|   1|0x000000008c300000, 0x000000008c300000, 0x000000008c400000|  0%| F|  |TAMS 0x000000008c300000| PB 0x000000008c300000| Untracked |  0
|   2|0x000000008c400000, 0x000000008c400000, 0x000000008c500000|  0%| F|  |TAMS 0x000000008c400000| PB 0x000000008c400000| Untracked |  0
|   3|0x000000008c500000, 0x000000008c500000, 0x000000008c600000|  0%| F|  |TAMS 0x000000008c500000| PB 0x000000008c500000| Untracked |  0
|   4|0x000000008c600000, 0x000000008c600000, 0x000000008c700000|  0%| F|  |TAMS 0x000000008c600000| PB 0x000000008c600000| Untracked |  0
|   5|0x000000008c700000, 0x000000008c700000, 0x000000008c800000|  0%| F|  |TAMS 0x000000008c700000| PB 0x000000008c700000| Untracked |  0
|   6|0x000000008c800000, 0x000000008c800000, 0x000000008c900000|  0%| F|  |TAMS 0x000000008c800000| PB 0x000000008c800000| Untracked |  0
|   7|0x000000008c900000, 0x000000008c900000, 0x000000008ca00000|  0%| F|  |TAMS 0x000000008c900000| PB 0x000000008c900000| Untracked |  0
|   8|0x000000008ca00000, 0x000000008ca00000, 0x000000008cb00000|  0%| F|  |TAMS 0x000000008ca00000| PB 0x000000008ca00000| Untracked |  0
|   9|0x000000008cb00000, 0x000000008cb00000, 0x000000008cc00000|  0%| F|  |TAMS 0x000000008cb00000| PB 0x000000008cb00000| Untracked |  0
|  10|0x000000008cc00000, 0x000000008cc00000, 0x000000008cd00000|  0%| F|  |TAMS 0x000000008cc00000| PB 0x000000008cc00000| Untracked |  0
|  11|0x000000008cd00000, 0x000000008cd00000, 0x000000008ce00000|  0%| F|  |TAMS 0x000000008cd00000| PB 0x000000008cd00000| Untracked |  0
|  12|0x000000008ce00000, 0x000000008ce00000, 0x000000008cf00000|  0%| F|  |TAMS 0x000000008ce00000| PB 0x000000008ce00000| Untracked |  0
|  13|0x000000008cf00000, 0x000000008cf00000, 0x000000008d000000|  0%| F|  |TAMS 0x000000008cf00000| PB 0x000000008cf00000| Untracked |  0
|  14|0x000000008d000000, 0x000000008d000000, 0x000000008d100000|  0%| F|  |TAMS 0x000000008d000000| PB 0x000000008d000000| Untracked |  0
|  15|0x000000008d100000, 0x000000008d100000, 0x000000008d200000|  0%| F|  |TAMS 0x000000008d100000| PB 0x000000008d100000| Untracked |  0
|  16|0x000000008d200000, 0x000000008d200000, 0x000000008d300000|  0%| F|  |TAMS 0x000000008d200000| PB 0x000000008d200000| Untracked |  0
|  17|0x000000008d300000, 0x000000008d300000, 0x000000008d400000|  0%| F|  |TAMS 0x000000008d300000| PB 0x000000008d300000| Untracked |  0
|  18|0x000000008d400000, 0x000000008d400000, 0x000000008d500000|  0%| F|  |TAMS 0x000000008d400000| PB 0x000000008d400000| Untracked |  0
|  19|0x000000008d500000, 0x000000008d500000, 0x000000008d600000|  0%| F|  |TAMS 0x000000008d500000| PB 0x000000008d500000| Untracked |  0
|  20|0x000000008d600000, 0x000000008d600000, 0x000000008d700000|  0%| F|  |TAMS 0x000000008d600000| PB 0x000000008d600000| Untracked |  0
|  21|0x000000008d700000, 0x000000008d700000, 0x000000008d800000|  0%| F|  |TAMS 0x000000008d700000| PB 0x000000008d700000| Untracked |  0
|  22|0x000000008d800000, 0x000000008d800000, 0x000000008d900000|  0%| F|  |TAMS 0x000000008d800000| PB 0x000000008d800000| Untracked |  0
|  23|0x000000008d900000, 0x000000008d900000, 0x000000008da00000|  0%| F|  |TAMS 0x000000008d900000| PB 0x000000008d900000| Untracked |  0
|  24|0x000000008da00000, 0x000000008da00000, 0x000000008db00000|  0%| F|  |TAMS 0x000000008da00000| PB 0x000000008da00000| Untracked |  0
|  25|0x000000008db00000, 0x000000008db00000, 0x000000008dc00000|  0%| F|  |TAMS 0x000000008db00000| PB 0x000000008db00000| Untracked |  0
|  26|0x000000008dc00000, 0x000000008dc00000, 0x000000008dd00000|  0%| F|  |TAMS 0x000000008dc00000| PB 0x000000008dc00000| Untracked |  0
|  27|0x000000008dd00000, 0x000000008dd00000, 0x000000008de00000|  0%| F|  |TAMS 0x000000008dd00000| PB 0x000000008dd00000| Untracked |  0
|  28|0x000000008de00000, 0x000000008de00000, 0x000000008df00000|  0%| F|  |TAMS 0x000000008de00000| PB 0x000000008de00000| Untracked |  0
|  29|0x000000008df00000, 0x000000008df00000, 0x000000008e000000|  0%| F|  |TAMS 0x000000008df00000| PB 0x000000008df00000| Untracked |  0
|  30|0x000000008e000000, 0x000000008e000000, 0x000000008e100000|  0%| F|  |TAMS 0x000000008e000000| PB 0x000000008e000000| Untracked |  0
|  31|0x000000008e100000, 0x000000008e100000, 0x000000008e200000|  0%| F|  |TAMS 0x000000008e100000| PB 0x000000008e100000| Untracked |  0
|  32|0x000000008e200000, 0x000000008e200000, 0x000000008e300000|  0%| F|  |TAMS 0x000000008e200000| PB 0x000000008e200000| Untracked |  0
|  33|0x000000008e300000, 0x000000008e300000, 0x000000008e400000|  0%| F|  |TAMS 0x000000008e300000| PB 0x000000008e300000| Untracked |  0
|  34|0x000000008e400000, 0x000000008e400000, 0x000000008e500000|  0%| F|  |TAMS 0x000000008e400000| PB 0x000000008e400000| Untracked |  0
|  35|0x000000008e500000, 0x000000008e500000, 0x000000008e600000|  0%| F|  |TAMS 0x000000008e500000| PB 0x000000008e500000| Untracked |  0
|  36|0x000000008e600000, 0x000000008e600000, 0x000000008e700000|  0%| F|  |TAMS 0x000000008e600000| PB 0x000000008e600000| Untracked |  0
|  37|0x000000008e700000, 0x000000008e700000, 0x000000008e800000|  0%| F|  |TAMS 0x000000008e700000| PB 0x000000008e700000| Untracked |  0
|  38|0x000000008e800000, 0x000000008e800000, 0x000000008e900000|  0%| F|  |TAMS 0x000000008e800000| PB 0x000000008e800000| Untracked |  0
|  39|0x000000008e900000, 0x000000008e900000, 0x000000008ea00000|  0%| F|  |TAMS 0x000000008e900000| PB 0x000000008e900000| Untracked |  0
|  40|0x000000008ea00000, 0x000000008ea00000, 0x000000008eb00000|  0%| F|  |TAMS 0x000000008ea00000| PB 0x000000008ea00000| Untracked |  0
|  41|0x000000008eb00000, 0x000000008eb00000, 0x000000008ec00000|  0%| F|  |TAMS 0x000000008eb00000| PB 0x000000008eb00000| Untracked |  0
|  42|0x000000008ec00000, 0x000000008ec00000, 0x000000008ed00000|  0%| F|  |TAMS 0x000000008ec00000| PB 0x000000008ec00000| Untracked |  0
|  43|0x000000008ed00000, 0x000000008ed00000, 0x000000008ee00000|  0%| F|  |TAMS 0x000000008ed00000| PB 0x000000008ed00000| Untracked |  0
|  44|0x000000008ee00000, 0x000000008ee00000, 0x000000008ef00000|  0%| F|  |TAMS 0x000000008ee00000| PB 0x000000008ee00000| Untracked |  0
|  45|0x000000008ef00000, 0x000000008ef00000, 0x000000008f000000|  0%| F|  |TAMS 0x000000008ef00000| PB 0x000000008ef00000| Untracked |  0
|  46|0x000000008f000000, 0x000000008f000000, 0x000000008f100000|  0%| F|  |TAMS 0x000000008f000000| PB 0x000000008f000000| Untracked |  0
|  47|0x000000008f100000, 0x000000008f100000, 0x000000008f200000|  0%| F|  |TAMS 0x000000008f100000| PB 0x000000008f100000| Untracked |  0
|  48|0x000000008f200000, 0x000000008f200000, 0x000000008f300000|  0%| F|  |TAMS 0x000000008f200000| PB 0x000000008f200000| Untracked |  0
|  49|0x000000008f300000, 0x000000008f300000, 0x000000008f400000|  0%| F|  |TAMS 0x000000008f300000| PB 0x000000008f300000| Untracked |  0
|  50|0x000000008f400000, 0x000000008f400000, 0x000000008f500000|  0%| F|  |TAMS 0x000000008f400000| PB 0x000000008f400000| Untracked |  0
|  51|0x000000008f500000, 0x000000008f500000, 0x000000008f600000|  0%| F|  |TAMS 0x000000008f500000| PB 0x000000008f500000| Untracked |  0
|  52|0x000000008f600000, 0x000000008f600000, 0x000000008f700000|  0%| F|  |TAMS 0x000000008f600000| PB 0x000000008f600000| Untracked |  0
|  53|0x000000008f700000, 0x000000008f700000, 0x000000008f800000|  0%| F|  |TAMS 0x000000008f700000| PB 0x000000008f700000| Untracked |  0
|  54|0x000000008f800000, 0x000000008f800000, 0x000000008f900000|  0%| F|  |TAMS 0x000000008f800000| PB 0x000000008f800000| Untracked |  0
|  55|0x000000008f900000, 0x000000008f900000, 0x000000008fa00000|  0%| F|  |TAMS 0x000000008f900000| PB 0x000000008f900000| Untracked |  0
|  56|0x000000008fa00000, 0x000000008fa00000, 0x000000008fb00000|  0%| F|  |TAMS 0x000000008fa00000| PB 0x000000008fa00000| Untracked |  0
|  57|0x000000008fb00000, 0x000000008fb00000, 0x000000008fc00000|  0%| F|  |TAMS 0x000000008fb00000| PB 0x000000008fb00000| Untracked |  0
|  58|0x000000008fc00000, 0x000000008fc00000, 0x000000008fd00000|  0%| F|  |TAMS 0x000000008fc00000| PB 0x000000008fc00000| Untracked |  0
|  59|0x000000008fd00000, 0x000000008fd00000, 0x000000008fe00000|  0%| F|  |TAMS 0x000000008fd00000| PB 0x000000008fd00000| Untracked |  0
|  60|0x000000008fe00000, 0x000000008fe00000, 0x000000008ff00000|  0%| F|  |TAMS 0x000000008fe00000| PB 0x000000008fe00000| Untracked |  0
|  61|0x000000008ff00000, 0x000000008ff00000, 0x0000000090000000|  0%| F|  |TAMS 0x000000008ff00000| PB 0x000000008ff00000| Untracked |  0
|  62|0x0000000090000000, 0x0000000090000000, 0x0000000090100000|  0%| F|  |TAMS 0x0000000090000000| PB 0x0000000090000000| Untracked |  0
|  63|0x0000000090100000, 0x0000000090100000, 0x0000000090200000|  0%| F|  |TAMS 0x0000000090100000| PB 0x0000000090100000| Untracked |  0
|  64|0x0000000090200000, 0x0000000090200000, 0x0000000090300000|  0%| F|  |TAMS 0x0000000090200000| PB 0x0000000090200000| Untracked |  0
|  65|0x0000000090300000, 0x0000000090300000, 0x0000000090400000|  0%| F|  |TAMS 0x0000000090300000| PB 0x0000000090300000| Untracked |  0
|  66|0x0000000090400000, 0x0000000090400000, 0x0000000090500000|  0%| F|  |TAMS 0x0000000090400000| PB 0x0000000090400000| Untracked |  0
|  67|0x0000000090500000, 0x0000000090500000, 0x0000000090600000|  0%| F|  |TAMS 0x0000000090500000| PB 0x0000000090500000| Untracked |  0
|  68|0x0000000090600000, 0x0000000090600000, 0x0000000090700000|  0%| F|  |TAMS 0x0000000090600000| PB 0x0000000090600000| Untracked |  0
|  69|0x0000000090700000, 0x0000000090700000, 0x0000000090800000|  0%| F|  |TAMS 0x0000000090700000| PB 0x0000000090700000| Untracked |  0
|  70|0x0000000090800000, 0x0000000090800000, 0x0000000090900000|  0%| F|  |TAMS 0x0000000090800000| PB 0x0000000090800000| Untracked |  0
|  71|0x0000000090900000, 0x0000000090900000, 0x0000000090a00000|  0%| F|  |TAMS 0x0000000090900000| PB 0x0000000090900000| Untracked |  0
|  72|0x0000000090a00000, 0x0000000090a00000, 0x0000000090b00000|  0%| F|  |TAMS 0x0000000090a00000| PB 0x0000000090a00000| Untracked |  0
|  73|0x0000000090b00000, 0x0000000090b00000, 0x0000000090c00000|  0%| F|  |TAMS 0x0000000090b00000| PB 0x0000000090b00000| Untracked |  0
|  74|0x0000000090c00000, 0x0000000090c00000, 0x0000000090d00000|  0%| F|  |TAMS 0x0000000090c00000| PB 0x0000000090c00000| Untracked |  0
|  75|0x0000000090d00000, 0x0000000090d00000, 0x0000000090e00000|  0%| F|  |TAMS 0x0000000090d00000| PB 0x0000000090d00000| Untracked |  0
|  76|0x0000000090e00000, 0x0000000090e00000, 0x0000000090f00000|  0%| F|  |TAMS 0x0000000090e00000| PB 0x0000000090e00000| Untracked |  0
|  77|0x0000000090f00000, 0x0000000090f00000, 0x0000000091000000|  0%| F|  |TAMS 0x0000000090f00000| PB 0x0000000090f00000| Untracked |  0
|  78|0x0000000091000000, 0x0000000091000000, 0x0000000091100000|  0%| F|  |TAMS 0x0000000091000000| PB 0x0000000091000000| Untracked |  0
|  79|0x0000000091100000, 0x0000000091100000, 0x0000000091200000|  0%| F|  |TAMS 0x0000000091100000| PB 0x0000000091100000| Untracked |  0
|  80|0x0000000091200000, 0x0000000091200000, 0x0000000091300000|  0%| F|  |TAMS 0x0000000091200000| PB 0x0000000091200000| Untracked |  0
|  81|0x0000000091300000, 0x0000000091300000, 0x0000000091400000|  0%| F|  |TAMS 0x0000000091300000| PB 0x0000000091300000| Untracked |  0
|  82|0x0000000091400000, 0x0000000091400000, 0x0000000091500000|  0%| F|  |TAMS 0x0000000091400000| PB 0x0000000091400000| Untracked |  0
|  83|0x0000000091500000, 0x0000000091500000, 0x0000000091600000|  0%| F|  |TAMS 0x0000000091500000| PB 0x0000000091500000| Untracked |  0
|  84|0x0000000091600000, 0x0000000091600000, 0x0000000091700000|  0%| F|  |TAMS 0x0000000091600000| PB 0x0000000091600000| Untracked |  0
|  85|0x0000000091700000, 0x0000000091700000, 0x0000000091800000|  0%| F|  |TAMS 0x0000000091700000| PB 0x0000000091700000| Untracked |  0
|  86|0x0000000091800000, 0x0000000091800000, 0x0000000091900000|  0%| F|  |TAMS 0x0000000091800000| PB 0x0000000091800000| Untracked |  0
|  87|0x0000000091900000, 0x0000000091900000, 0x0000000091a00000|  0%| F|  |TAMS 0x0000000091900000| PB 0x0000000091900000| Untracked |  0
|  88|0x0000000091a00000, 0x0000000091a00000, 0x0000000091b00000|  0%| F|  |TAMS 0x0000000091a00000| PB 0x0000000091a00000| Untracked |  0
|  89|0x0000000091b00000, 0x0000000091b00000, 0x0000000091c00000|  0%| F|  |TAMS 0x0000000091b00000| PB 0x0000000091b00000| Untracked |  0
|  90|0x0000000091c00000, 0x0000000091c00000, 0x0000000091d00000|  0%| F|  |TAMS 0x0000000091c00000| PB 0x0000000091c00000| Untracked |  0
|  91|0x0000000091d00000, 0x0000000091d00000, 0x0000000091e00000|  0%| F|  |TAMS 0x0000000091d00000| PB 0x0000000091d00000| Untracked |  0
|  92|0x0000000091e00000, 0x0000000091e00000, 0x0000000091f00000|  0%| F|  |TAMS 0x0000000091e00000| PB 0x0000000091e00000| Untracked |  0
|  93|0x0000000091f00000, 0x0000000091f00000, 0x0000000092000000|  0%| F|  |TAMS 0x0000000091f00000| PB 0x0000000091f00000| Untracked |  0
|  94|0x0000000092000000, 0x0000000092000000, 0x0000000092100000|  0%| F|  |TAMS 0x0000000092000000| PB 0x0000000092000000| Untracked |  0
|  95|0x0000000092100000, 0x0000000092100000, 0x0000000092200000|  0%| F|  |TAMS 0x0000000092100000| PB 0x0000000092100000| Untracked |  0
|  96|0x0000000092200000, 0x0000000092200000, 0x0000000092300000|  0%| F|  |TAMS 0x0000000092200000| PB 0x0000000092200000| Untracked |  0
|  97|0x0000000092300000, 0x0000000092300000, 0x0000000092400000|  0%| F|  |TAMS 0x0000000092300000| PB 0x0000000092300000| Untracked |  0
|  98|0x0000000092400000, 0x0000000092400000, 0x0000000092500000|  0%| F|  |TAMS 0x0000000092400000| PB 0x0000000092400000| Untracked |  0
|  99|0x0000000092500000, 0x0000000092500000, 0x0000000092600000|  0%| F|  |TAMS 0x0000000092500000| PB 0x0000000092500000| Untracked |  0
| 100|0x0000000092600000, 0x0000000092600000, 0x0000000092700000|  0%| F|  |TAMS 0x0000000092600000| PB 0x0000000092600000| Untracked |  0
| 101|0x0000000092700000, 0x0000000092700000, 0x0000000092800000|  0%| F|  |TAMS 0x0000000092700000| PB 0x0000000092700000| Untracked |  0
| 102|0x0000000092800000, 0x0000000092800000, 0x0000000092900000|  0%| F|  |TAMS 0x0000000092800000| PB 0x0000000092800000| Untracked |  0
| 103|0x0000000092900000, 0x0000000092900000, 0x0000000092a00000|  0%| F|  |TAMS 0x0000000092900000| PB 0x0000000092900000| Untracked |  0
| 104|0x0000000092a00000, 0x0000000092a00000, 0x0000000092b00000|  0%| F|  |TAMS 0x0000000092a00000| PB 0x0000000092a00000| Untracked |  0
| 105|0x0000000092b00000, 0x0000000092c00000, 0x0000000092c00000|100%| E|  |TAMS 0x0000000092b00000| PB 0x0000000092b00000| Complete |  0
| 106|0x0000000092c00000, 0x0000000092d00000, 0x0000000092d00000|100%| E|CS|TAMS 0x0000000092c00000| PB 0x0000000092c00000| Complete |  0
| 107|0x0000000092d00000, 0x0000000092e00000, 0x0000000092e00000|100%| E|CS|TAMS 0x0000000092d00000| PB 0x0000000092d00000| Complete |  0
| 108|0x0000000092e00000, 0x0000000092f00000, 0x0000000092f00000|100%| E|CS|TAMS 0x0000000092e00000| PB 0x0000000092e00000| Complete |  0
| 109|0x0000000092f00000, 0x0000000093000000, 0x0000000093000000|100%| E|CS|TAMS 0x0000000092f00000| PB 0x0000000092f00000| Complete |  0
| 110|0x0000000093000000, 0x0000000093100000, 0x0000000093100000|100%| E|CS|TAMS 0x0000000093000000| PB 0x0000000093000000| Complete |  0
| 111|0x0000000093100000, 0x0000000093200000, 0x0000000093200000|100%| E|CS|TAMS 0x0000000093100000| PB 0x0000000093100000| Complete |  0
| 112|0x0000000093200000, 0x0000000093300000, 0x0000000093300000|100%| E|CS|TAMS 0x0000000093200000| PB 0x0000000093200000| Complete |  0
| 113|0x0000000093300000, 0x0000000093400000, 0x0000000093400000|100%| E|CS|TAMS 0x0000000093300000| PB 0x0000000093300000| Complete |  0
| 114|0x0000000093400000, 0x0000000093500000, 0x0000000093500000|100%| E|CS|TAMS 0x0000000093400000| PB 0x0000000093400000| Complete |  0
| 115|0x0000000093500000, 0x0000000093600000, 0x0000000093600000|100%| E|CS|TAMS 0x0000000093500000| PB 0x0000000093500000| Complete |  0
|1852|0x00000000ffe00000, 0x00000000fff00000, 0x00000000fff00000|100%| O|  |TAMS 0x00000000ffe00000| PB 0x00000000ffe00000| Untracked |  0
|1853|0x00000000fff00000, 0x00000000fff1d248, 0x0000000100000000| 11%| O|  |TAMS 0x00000000fff00000| PB 0x00000000fff00000| Untracked |  0

Card table byte_map: [0x000001fe19bc0000,0x000001fe19f60000] _byte_map_base: 0x000001fe1975f000

Marking Bits: (CMBitMap*) 0x000001fe01c9fe00
 Bits: [0x000001fe19f60000, 0x000001fe1bc58000)

Polling page: 0x000001fe01420000

Metaspace:

Usage:
  Non-class:      6.27 MB used.
      Class:    636.20 KB used.
       Both:      6.89 MB used.

Virtual space:
  Non-class space:       64.00 MB reserved,       6.31 MB ( 10%) committed,  1 nodes.
      Class space:        1.00 GB reserved,     768.00 KB ( <1%) committed,  1 nodes.
             Both:        1.06 GB reserved,       7.06 MB ( <1%) committed. 

Chunk freelists:
   Non-Class:  9.00 MB
       Class:  15.23 MB
        Both:  24.23 MB

MaxMetaspaceSize: unlimited
CompressedClassSpaceSize: 1.00 GB
Initial GC threshold: 21.00 MB
Current GC threshold: 21.00 MB
CDS: on
 - commit_granule_bytes: 65536.
 - commit_granule_words: 8192.
 - virtual_space_node_default_size: 8388608.
 - enlarge_chunks_in_place: 1.
UseCompressedClassPointers 1, UseCompactObjectHeaders 0
Narrow klass pointer bits 32, Max shift 3
Narrow klass base: 0x000001fe1f000000, Narrow klass shift: 0
Encoding Range: [0x000001fe1f000000 - 0x000001ff1f000000), (4294967296 bytes)
Klass Range:    [0x000001fe1f000000 - 0x000001fe60000000), (1090519040 bytes)
Klass ID Range:  [8 - 1090519033) (1090519025)


Internal statistics:

num_allocs_failed_limit: 0.
num_arena_births: 100.
num_arena_deaths: 0.
num_vsnodes_births: 2.
num_vsnodes_deaths: 0.
num_space_committed: 113.
num_space_uncommitted: 0.
num_chunks_returned_to_freelist: 0.
num_chunks_taken_from_freelist: 121.
num_chunk_merges: 0.
num_chunk_splits: 79.
num_chunks_enlarged: 47.
num_inconsistent_stats: 0.

CodeHeap 'non-profiled nmethods': size=120064Kb used=198Kb max_used=198Kb free=119865Kb
 bounds [0x000001fe11fb0000, 0x000001fe12220000, 0x000001fe194f0000]
CodeHeap 'profiled nmethods': size=120000Kb used=1013Kb max_used=1013Kb free=118986Kb
 bounds [0x000001fe0a4f0000, 0x000001fe0a760000, 0x000001fe11a20000]
CodeHeap 'non-nmethods': size=5696Kb used=1432Kb max_used=1432Kb free=4263Kb
 bounds [0x000001fe11a20000, 0x000001fe11c90000, 0x000001fe11fb0000]
CodeCache: size=245760Kb, used=2643Kb, max_used=2643Kb, free=243114Kb
 total_blobs=1354, nmethods=756, adapters=503, full_count=0
Compilation: enabled, stopped_count=0, restarted_count=0

Compilation events (20 events):
Event: 1.748 Thread 0x000001fe1e699ce0  631       1       java.lang.Integer::intValue (5 bytes)
Event: 1.748 Thread 0x000001fe1e699ce0 nmethod 631 0x000001fe11fda888 code [0x000001fe11fda980, 0x000001fe11fdaa48]
Event: 1.749 Thread 0x000001fe1e699ce0  632       3       java.awt.AWTKeyStroke::hashCode (36 bytes)
Event: 1.749 Thread 0x000001fe1e699ce0 nmethod 632 0x000001fe0a5bd488 code [0x000001fe0a5bd5a0, 0x000001fe0a5bd718]
Event: 1.749 Thread 0x000001fe1e699ce0  635       3       java.lang.reflect.Array::newInstance (6 bytes)
Event: 1.749 Thread 0x000001fe1e699ce0 nmethod 635 0x000001fe0a5bd788 code [0x000001fe0a5bd8a0, 0x000001fe0a5bd9b0]
Event: 1.749 Thread 0x000001fe1e699ce0  634       3       java.lang.invoke.MethodType::parameterSlotCount (8 bytes)
Event: 1.750 Thread 0x000001fe1e699ce0 nmethod 634 0x000001fe0a5bda88 code [0x000001fe0a5bdba0, 0x000001fe0a5bdd50]
Event: 1.750 Thread 0x000001fe1e699ce0  633       3       java.lang.Integer::valueOf (32 bytes)
Event: 1.750 Thread 0x000001fe1e699ce0 nmethod 633 0x000001fe0a5bdd88 code [0x000001fe0a5bdec0, 0x000001fe0a5be1b8]
Event: 1.759 Thread 0x000001fe1e699ce0  636       3       java.lang.StringConcatHelper::doConcat (59 bytes)
Event: 1.760 Thread 0x000001fe1e699ce0 nmethod 636 0x000001fe0a5be208 code [0x000001fe0a5be3e0, 0x000001fe0a5bf2f0]
Event: 1.760 Thread 0x000001fe1e699ce0  638       3       java.util.StringTokenizer::skipDelimiters (116 bytes)
Event: 1.761 Thread 0x000001fe1e699ce0 nmethod 638 0x000001fe0a5bf388 code [0x000001fe0a5bf580, 0x000001fe0a5c0208]
Event: 1.761 Thread 0x000001fe1e699ce0  637       3       javax.swing.ArrayTable::isArray (8 bytes)
Event: 1.761 Thread 0x000001fe1e699ce0 nmethod 637 0x000001fe0a5c0288 code [0x000001fe0a5c03a0, 0x000001fe0a5c0588]
Event: 1.761 Thread 0x000001fe1e699ce0  639  s    1       java.util.Hashtable::size (5 bytes)
Event: 1.761 Thread 0x000001fe1e699ce0 nmethod 639 0x000001fe11fdab88 code [0x000001fe11fdaca0, 0x000001fe11fdaeb0]
Event: 1.761 Thread 0x000001fe1e699ce0  640       1       java.lang.Boolean::booleanValue (5 bytes)
Event: 1.761 Thread 0x000001fe1e699ce0 nmethod 640 0x000001fe11fdaf08 code [0x000001fe11fdb000, 0x000001fe11fdb0c8]

GC Heap History (0 events):
No events

Dll operation events (7 events):
Event: 0.017 Loaded shared library C:\Program Files\Java\jdk-24\bin\java.dll
Event: 0.062 Loaded shared library C:\Program Files\Java\jdk-24\bin\jsvml.dll
Event: 0.122 Loaded shared library C:\Program Files\Java\jdk-24\bin\net.dll
Event: 0.126 Loaded shared library C:\Program Files\Java\jdk-24\bin\nio.dll
Event: 0.170 Loaded shared library C:\Program Files\Java\jdk-24\bin\zip.dll
Event: 0.195 Loaded shared library C:\Program Files\Java\jdk-24\bin\jimage.dll
Event: 0.202 Loaded shared library C:\Program Files\Java\jdk-24\bin\awt.dll

Deoptimization events (4 events):
Event: 0.303 Thread 0x000001fe7f68aed0 Uncommon trap: trap_request=0xffffff4d fr.pc=0x000001fe11fc1250 relative=0x0000000000000730
Event: 0.303 Thread 0x000001fe7f68aed0 Uncommon trap: reason=unstable_if action=reinterpret pc=0x000001fe11fc1250 method=java.util.HashMap.putVal(ILjava/lang/Object;Ljava/lang/Object;ZZ)Ljava/lang/Object; @ 236 c2
Event: 0.303 Thread 0x000001fe7f68aed0 DEOPT PACKING pc=0x000001fe11fc1250 sp=0x0000006bbb5ff220
Event: 0.303 Thread 0x000001fe7f68aed0 DEOPT UNPACKING pc=0x000001fe11b34c02 sp=0x0000006bbb5ff1a8 mode 2

Classes loaded (20 events):
Event: 1.755 Loading class javax/swing/BoundedRangeModel done
Event: 1.755 Loading class javax/swing/DefaultBoundedRangeModel done
Event: 1.755 Loading class javax/swing/JTextField$ScrollRepainter
Event: 1.755 Loading class javax/swing/JTextField$ScrollRepainter done
Event: 1.756 Loading class javax/swing/plaf/basic/BasicPasswordFieldUI
Event: 1.756 Loading class javax/swing/plaf/basic/BasicPasswordFieldUI done
Event: 1.758 Loading class javax/swing/text/PasswordView
Event: 1.758 Loading class javax/swing/text/PasswordView done
Event: 1.760 Loading class java/awt/GridLayout
Event: 1.761 Loading class java/awt/GridLayout done
Event: 1.761 Loading class javax/swing/BorderFactory
Event: 1.761 Loading class javax/swing/BorderFactory done
Event: 1.762 Loading class javax/swing/border/BevelBorder
Event: 1.762 Loading class javax/swing/border/BevelBorder done
Event: 1.762 Loading class javax/swing/border/EtchedBorder
Event: 1.762 Loading class javax/swing/border/EtchedBorder done
Event: 1.763 Loading class javax/swing/plaf/metal/MetalLabelUI
Event: 1.763 Loading class javax/swing/plaf/basic/BasicLabelUI
Event: 1.763 Loading class javax/swing/plaf/LabelUI
Event: 1.763 Loading class javax/swing/plaf/LabelUI done

Classes unloaded (0 events):
No events

Classes redefined (0 events):
No events

Internal exceptions (20 events):
Event: 0.132 Thread 0x000001fe7f68aed0 Exception <a 'sun/nio/fs/WindowsException'{0x00000000934ddda0}> (0x00000000934ddda0) 
thrown [s\open\src\hotspot\share\prims\jni.cpp, line 518]
Event: 0.132 Thread 0x000001fe7f68aed0 Exception <a 'sun/nio/fs/WindowsException'{0x00000000934de8a0}> (0x00000000934de8a0) 
thrown [s\open\src\hotspot\share\prims\jni.cpp, line 518]
Event: 0.132 Thread 0x000001fe7f68aed0 Exception <a 'sun/nio/fs/WindowsException'{0x00000000934df3b8}> (0x00000000934df3b8) 
thrown [s\open\src\hotspot\share\prims\jni.cpp, line 518]
Event: 0.191 Thread 0x000001fe7f68aed0 Exception <a 'java/lang/ClassNotFoundException'{0x0000000093224ba8}: sun/awt/resources/spi/awtProvider> (0x0000000093224ba8) 
thrown [s\open\src\hotspot\share\classfile\systemDictionary.cpp, line 327]
Event: 0.210 Thread 0x000001fe7f68aed0 Exception <a 'java/io/FileNotFoundException'{0x0000000093246208}> (0x0000000093246208) 
thrown [s\open\src\hotspot\share\prims\jni.cpp, line 518]
Event: 0.214 Thread 0x000001fe7f68aed0 Exception <a 'java/io/FileNotFoundException'{0x0000000093258ae8}> (0x0000000093258ae8) 
thrown [s\open\src\hotspot\share\prims\jni.cpp, line 518]
Event: 0.244 Thread 0x000001fe7f68aed0 Exception <a 'java/lang/NoSuchMethodError'{0x0000000093270638}: 'java.lang.Object java.lang.invoke.DirectMethodHandle$Holder.invokeStaticInit(java.lang.Object)'> (0x0000000093270638) 
thrown [s\open\src\hotspot\share\interpreter\linkResolver.cpp, line 805]
Event: 0.399 Thread 0x000001fe1e94caf0 Exception <a 'java/lang/NoSuchMethodError'{0x00000000931c0780}: 'int java.lang.invoke.DirectMethodHandle$Holder.invokeStaticInit(java.lang.Object, int)'> (0x00000000931c0780) 
thrown [s\open\src\hotspot\share\interpreter\linkResolver.cpp, line 805]
Event: 0.404 Thread 0x000001fe1e94caf0 Exception <a 'java/lang/NoSuchMethodError'{0x00000000931c8fa0}: 'long java.lang.invoke.DirectMethodHandle$Holder.invokeStatic(java.lang.Object, java.lang.Object)'> (0x00000000931c8fa0) 
thrown [s\open\src\hotspot\share\interpreter\linkResolver.cpp, line 805]
Event: 0.406 Thread 0x000001fe1e94caf0 Exception <a 'java/lang/NoSuchMethodError'{0x00000000931d0fc0}: 'long java.lang.invoke.DirectMethodHandle$Holder.invokeStaticInit(java.lang.Object, java.lang.Object)'> (0x00000000931d0fc0) 
thrown [s\open\src\hotspot\share\interpreter\linkResolver.cpp, line 805]
Event: 0.408 Thread 0x000001fe1e94caf0 Exception <a 'java/lang/NoSuchMethodError'{0x00000000931d9808}: 'java.lang.Object java.lang.invoke.DirectMethodHandle$Holder.invokeStatic(java.lang.Object, long, java.lang.Object)'> (0x00000000931d9808) 
thrown [s\open\src\hotspot\share\interpreter\linkResolver.cpp, line 805]
Event: 0.409 Thread 0x000001fe1e94caf0 Exception <a 'java/lang/NoSuchMethodError'{0x00000000931e1920}: 'java.lang.Object java.lang.invoke.DirectMethodHandle$Holder.invokeStaticInit(java.lang.Object, long, java.lang.Object)'> (0x00000000931e1920) 
thrown [s\open\src\hotspot\share\interpreter\linkResolver.cpp, line 805]
Event: 0.410 Thread 0x000001fe1e94caf0 Exception <a 'java/lang/NoSuchMethodError'{0x00000000931e9d58}: 'java.lang.Object java.lang.invoke.DirectMethodHandle$Holder.invokeStatic(java.lang.Object, long)'> (0x00000000931e9d58) 
thrown [s\open\src\hotspot\share\interpreter\linkResolver.cpp, line 805]
Event: 0.411 Thread 0x000001fe1e94caf0 Exception <a 'java/lang/NoSuchMethodError'{0x00000000931f1d78}: 'java.lang.Object java.lang.invoke.DirectMethodHandle$Holder.invokeStaticInit(java.lang.Object, long)'> (0x00000000931f1d78) 
thrown [s\open\src\hotspot\share\interpreter\linkResolver.cpp, line 805]
Event: 0.565 Thread 0x000001fe1e94caf0 Exception <a 'java/lang/NoSuchMethodError'{0x00000000930a2d58}: 'void java.lang.invoke.DirectMethodHandle$Holder.invokeSpecial(java.lang.Object, java.lang.Object, java.lang.Object)'> (0x00000000930a2d58) 
thrown [s\open\src\hotspot\share\interpreter\linkResolver.cpp, line 805]
Event: 0.585 Thread 0x000001fe1e94caf0 Exception <a 'java/lang/NoSuchMethodError'{0x0000000092f12c98}: 'java.lang.Object java.lang.invoke.DirectMethodHandle$Holder.newInvokeSpecial(java.lang.Object, java.lang.Object, java.lang.Object, java.lang.Object, java.lang.Object)'> (0x0000000092f12c98) 
thrown [s\open\src\hotspot\share\interpreter\linkResolver.cpp, line 805]
Event: 0.601 Thread 0x000001fe1e94caf0 Exception <a 'java/lang/NoSuchMethodError'{0x0000000092f7ade0}: 'java.lang.Object java.lang.invoke.DirectMethodHandle$Holder.invokeStatic(java.lang.Object, int, java.lang.Object)'> (0x0000000092f7ade0) 
thrown [s\open\src\hotspot\share\interpreter\linkResolver.cpp, line 805]
Event: 0.683 Thread 0x000001fe1e94caf0 Exception <a 'java/lang/ClassNotFoundException'{0x0000000092da88c8}: com/sun/swing/internal/plaf/metal/resources/spi/metalProvider> (0x0000000092da88c8) 
thrown [s\open\src\hotspot\share\classfile\systemDictionary.cpp, line 327]
Event: 0.685 Thread 0x000001fe1e94caf0 Exception <a 'java/lang/ClassNotFoundException'{0x0000000092dac5d8}: com/sun/swing/internal/plaf/basic/resources/spi/basicProvider> (0x0000000092dac5d8) 
thrown [s\open\src\hotspot\share\classfile\systemDictionary.cpp, line 327]
Event: 0.710 Thread 0x000001fe1e94caf0 Exception <a 'java/lang/NoSuchMethodError'{0x0000000092dda3b8}: 'int java.lang.invoke.Invokers$Holder.invokeExact_MT(java.lang.Object, java.lang.Object)'> (0x0000000092dda3b8) 
thrown [s\open\src\hotspot\share\interpreter\linkResolver.cpp, line 805]

VM Operations (4 events):
Event: 0.135 Executing VM operation: HandshakeAllThreads (Deoptimize)
Event: 0.135 Executing VM operation: HandshakeAllThreads (Deoptimize) done
Event: 1.745 Executing VM operation: HandshakeAllThreads (Deoptimize)
Event: 1.745 Executing VM operation: HandshakeAllThreads (Deoptimize) done

Memory protections (0 events):
No events

Nmethod flushes (0 events):
No events

Events (19 events):
Event: 0.035 Thread 0x000001fe7f68aed0 Thread added: 0x000001fe7f68aed0
Event: 0.057 Thread 0x000001fe7f68aed0 Thread added: 0x000001fe1e676750
Event: 0.057 Thread 0x000001fe7f68aed0 Thread added: 0x000001fe1e677130
Event: 0.058 Thread 0x000001fe7f68aed0 Thread added: 0x000001fe1e67f1e0
Event: 0.059 Thread 0x000001fe7f68aed0 Thread added: 0x000001fe1e67c600
Event: 0.059 Thread 0x000001fe7f68aed0 Thread added: 0x000001fe1e67ea90
Event: 0.059 Thread 0x000001fe7f68aed0 Thread added: 0x000001fe1e67beb0
Event: 0.059 Thread 0x000001fe7f68aed0 Thread added: 0x000001fe1e695800
Event: 0.060 Thread 0x000001fe7f68aed0 Thread added: 0x000001fe1e699ce0
Event: 0.119 Thread 0x000001fe7f68aed0 Thread added: 0x000001fe1e67e340
Event: 0.154 Thread 0x000001fe7f68aed0 Thread added: 0x000001fe1e67cd50
Event: 0.162 Thread 0x000001fe1e699ce0 Thread added: 0x000001fe1e69ac00
Event: 0.274 Thread 0x000001fe7f68aed0 Thread added: 0x000001fe1e67d4a0
Event: 0.275 Thread 0x000001fe7f68aed0 Thread added: 0x000001fe1e67dbf0
Event: 0.276 Thread 0x000001fe7f68aed0 Thread added: 0x000001fe1e94d240
Event: 0.303 Thread 0x000001fe7f68aed0 Thread added: 0x000001fe1e94caf0
Event: 0.303 Thread 0x000001fe7f68aed0 Thread exited: 0x000001fe7f68aed0
Event: 0.303 Thread 0x000001fe1e94c3a0 Thread added: 0x000001fe1e94c3a0
Event: 0.406 Thread 0x000001fe1e69ac00 Thread exited: 0x000001fe1e69ac00


Dynamic libraries:
0x00007ff7adcc0000 - 0x00007ff7adcd0000 	C:\Program Files\Java\jdk-24\bin\java.exe
0x00007ffc3b1c0000 - 0x00007ffc3b429000 	C:\Windows\SYSTEM32\ntdll.dll
0x00007ffc16530000 - 0x00007ffc16550000 	C:\Program Files\Avast Software\Avast\aswhook.dll
0x00007ffc3a190000 - 0x00007ffc3a259000 	C:\Windows\System32\KERNEL32.DLL
0x00007ffc38910000 - 0x00007ffc38d03000 	C:\Windows\System32\KERNELBASE.dll
0x00007ffc38d10000 - 0x00007ffc38e5b000 	C:\Windows\System32\ucrtbase.dll
0x00007ffc2d780000 - 0x00007ffc2d79b000 	C:\Program Files\Java\jdk-24\bin\VCRUNTIME140.dll
0x00007ffc0a690000 - 0x00007ffc0a6a6000 	C:\Program Files\Java\jdk-24\bin\jli.dll
0x00007ffc3a740000 - 0x00007ffc3a904000 	C:\Windows\System32\USER32.dll
0x00007ffc11360000 - 0x00007ffc115f3000 	C:\Windows\WinSxS\amd64_microsoft.windows.common-controls_6595b64144ccf1df_6.0.26100.5074_none_3e0d6f78e32fd63f\COMCTL32.dll
0x00007ffc384d0000 - 0x00007ffc384f7000 	C:\Windows\System32\win32u.dll
0x00007ffc392b0000 - 0x00007ffc39359000 	C:\Windows\System32\msvcrt.dll
0x00007ffc396e0000 - 0x00007ffc3970b000 	C:\Windows\System32\GDI32.dll
0x00007ffc38e60000 - 0x00007ffc38f8d000 	C:\Windows\System32\gdi32full.dll
0x00007ffc38500000 - 0x00007ffc385a3000 	C:\Windows\System32\msvcp_win.dll
0x00007ffc39270000 - 0x00007ffc3929f000 	C:\Windows\System32\IMM32.DLL
0x00007ffc2d810000 - 0x00007ffc2d81c000 	C:\Program Files\Java\jdk-24\bin\vcruntime140_1.dll
0x00007ffc0a4d0000 - 0x00007ffc0a55e000 	C:\Program Files\Java\jdk-24\bin\msvcp140.dll
0x00007ffb8be80000 - 0x00007ffb8cc21000 	C:\Program Files\Java\jdk-24\bin\server\jvm.dll
0x00007ffc3a950000 - 0x00007ffc3aa04000 	C:\Windows\System32\ADVAPI32.dll
0x00007ffc3a0e0000 - 0x00007ffc3a186000 	C:\Windows\System32\sechost.dll
0x00007ffc3b060000 - 0x00007ffc3b178000 	C:\Windows\System32\RPCRT4.dll
0x00007ffc39010000 - 0x00007ffc39084000 	C:\Windows\System32\WS2_32.dll
0x00007ffc381b0000 - 0x00007ffc3820e000 	C:\Windows\SYSTEM32\POWRPROF.dll
0x00007ffc2dba0000 - 0x00007ffc2dbd5000 	C:\Windows\SYSTEM32\WINMM.dll
0x00007ffc2d300000 - 0x00007ffc2d30b000 	C:\Windows\SYSTEM32\VERSION.dll
0x00007ffc38190000 - 0x00007ffc381a4000 	C:\Windows\SYSTEM32\UMPDC.dll
0x00007ffc37130000 - 0x00007ffc3714b000 	C:\Windows\SYSTEM32\kernel.appcore.dll
0x00007ffc2d6d0000 - 0x00007ffc2d6da000 	C:\Program Files\Java\jdk-24\bin\jimage.dll
0x00007ffc28e60000 - 0x00007ffc290a2000 	C:\Windows\SYSTEM32\DBGHELP.DLL
0x00007ffc39360000 - 0x00007ffc396db000 	C:\Windows\System32\combase.dll
0x00007ffc39190000 - 0x00007ffc39267000 	C:\Windows\System32\OLEAUT32.dll
0x00007ffc28200000 - 0x00007ffc2823d000 	C:\Windows\SYSTEM32\dbgcore.DLL
0x00007ffc387e0000 - 0x00007ffc38879000 	C:\Windows\System32\bcryptPrimitives.dll
0x00007ffc0a6b0000 - 0x00007ffc0a6ce000 	C:\Program Files\Java\jdk-24\bin\java.dll
0x00007ffc3a260000 - 0x00007ffc3a3f8000 	C:\Windows\System32\ole32.dll
0x00007ffc39980000 - 0x00007ffc3a0cd000 	C:\Windows\System32\SHELL32.dll
0x00007ffc38670000 - 0x00007ffc387dc000 	C:\Windows\System32\wintypes.dll
0x00007ffc35fb0000 - 0x00007ffc36809000 	C:\Windows\SYSTEM32\windows.storage.dll
0x00007ffc3aa10000 - 0x00007ffc3ab00000 	C:\Windows\System32\SHCORE.dll
0x00007ffc3a560000 - 0x00007ffc3a5c2000 	C:\Windows\System32\shlwapi.dll
0x00007ffc38270000 - 0x00007ffc38299000 	C:\Windows\SYSTEM32\profapi.dll
0x00007ffc0a5b0000 - 0x00007ffc0a687000 	C:\Program Files\Java\jdk-24\bin\jsvml.dll
0x00007ffc0aa60000 - 0x00007ffc0aa70000 	C:\Program Files\Java\jdk-24\bin\net.dll
0x00007ffc376b0000 - 0x00007ffc3771b000 	C:\Windows\system32\mswsock.dll
0x00007ffc0a570000 - 0x00007ffc0a586000 	C:\Program Files\Java\jdk-24\bin\nio.dll
0x00007ffc0a590000 - 0x00007ffc0a5a7000 	C:\Program Files\Java\jdk-24\bin\zip.dll
0x00007ffc0a260000 - 0x00007ffc0a3df000 	C:\Program Files\Java\jdk-24\bin\awt.dll
0x00007ffc35460000 - 0x00007ffc354fe000 	C:\Windows\SYSTEM32\apphelp.dll
0x00007ffc35630000 - 0x00007ffc356d8000 	C:\Windows\system32\uxtheme.dll
0x00007ffc3a5d0000 - 0x00007ffc3a728000 	C:\Windows\System32\MSCTF.dll
0x00007ffc35880000 - 0x00007ffc358ab000 	C:\Windows\system32\DWMAPI.DLL
0x00007ffbd9b00000 - 0x00007ffbd9c0c000 	C:\Windows\system32\opengl32.dll
0x00007ffc27e90000 - 0x00007ffc27ebd000 	C:\Windows\SYSTEM32\GLU32.dll
0x00007ffc35900000 - 0x00007ffc35944000 	C:\Windows\SYSTEM32\dxcore.dll
0x00007ffbd9c10000 - 0x00007ffbd9dc1000 	C:\Windows\system32\d3d9.dll
0x00007ffc2c4c0000 - 0x00007ffc2c4e0000 	C:\Windows\System32\DriverStore\FileRepository\u0405849.inf_amd64_482f52cda3d6e4d6\B405142\atidx9loader64.dll
0x00007ffbcf880000 - 0x00007ffbd30c4000 	C:\Windows\System32\DriverStore\FileRepository\u0405849.inf_amd64_482f52cda3d6e4d6\B405142\AMDXN64.DLL
0x00007ffc3ab10000 - 0x00007ffc3af97000 	C:\Windows\System32\SETUPAPI.dll
0x00007ffc35740000 - 0x00007ffc3587a000 	C:\Windows\SYSTEM32\dxgi.dll
0x00007ffc38240000 - 0x00007ffc38266000 	C:\Windows\SYSTEM32\BCrypt.dll
0x00007ffc2d310000 - 0x00007ffc2d347000 	C:\Windows\System32\DriverStore\FileRepository\u0405849.inf_amd64_482f52cda3d6e4d6\B405142\amdihk64.dll
0x00007ffc33250000 - 0x00007ffc332b0000 	C:\Windows\SYSTEM32\directxdatabasehelper.dll
0x00007ffc0a440000 - 0x00007ffc0a4c7000 	C:\Program Files\Java\jdk-24\bin\freetype.dll
0x00007ffc0a0a0000 - 0x00007ffc0a187000 	C:\Program Files\Java\jdk-24\bin\fontmanager.dll

JVMTI agents: none

dbghelp: loaded successfully - version: 4.0.5 - missing functions: none
symbol engine: initialized successfully - sym options: 0x614 - pdb path: .;C:\Program Files\Java\jdk-24\bin;C:\Windows\SYSTEM32;C:\Program Files\Avast Software\Avast;C:\Windows\WinSxS\amd64_microsoft.windows.common-controls_6595b64144ccf1df_6.0.26100.5074_none_3e0d6f78e32fd63f;C:\Program Files\Java\jdk-24\bin\server;C:\Windows\System32\DriverStore\FileRepository\u0405849.inf_amd64_482f52cda3d6e4d6\B405142

VM Arguments:
jvm_args: -Dfile.encoding=UTF-8 --module-path=C:\Users\ssemu\OneDrive\Desktop\code\Java Code\TrainBookingSystem\build\classes 
java_command: app.Main
java_class_path (initial): C:\Users\ssemu\OneDrive\Desktop\mysql-connector-j-9.4.0\mysql-connector-j-9.4.0\mysql-connector-j-9.4.0.jar;C:\Users\ssemu\Downloads\jbcrypt-0.4.jar;C:\Users\ssemu\OneDrive\Desktop\code\itext-5.5.5.zip;C:\Users\ssemu\OneDrive\Desktop\code\Java Code\TrainBookingSystem\build\classes
Launcher Type: SUN_STANDARD

[Global flags]
     intx CICompilerCount                          = 4                                         {product} {ergonomic}
     uint ConcGCThreads                            = 2                                         {product} {ergonomic}
     uint G1ConcRefinementThreads                  = 8                                         {product} {ergonomic}
   size_t G1HeapRegionSize                         = 1048576                                   {product} {ergonomic}
   size_t InitialHeapSize                          = 121634816                                 {product} {ergonomic}
   size_t MarkStackSize                            = 4194304                                   {product} {ergonomic}
   size_t MarkStackSizeMax                         = 536870912                                 {product} {ergonomic}
   size_t MaxHeapSize                              = 1944059904                                {product} {ergonomic}
   size_t MaxNewSize                               = 1166016512                                {product} {ergonomic}
   size_t MinHeapDeltaBytes                        = 1048576                                   {product} {ergonomic}
   size_t MinHeapSize                              = 8388608                                   {product} {ergonomic}
    uintx NonNMethodCodeHeapSize                   = 5832704                                {pd product} {ergonomic}
    uintx NonProfiledCodeHeapSize                  = 122945536                              {pd product} {ergonomic}
    uintx ProfiledCodeHeapSize                     = 122880000                              {pd product} {ergonomic}
    uintx ReservedCodeCacheSize                    = 251658240                              {pd product} {ergonomic}
     bool SegmentedCodeCache                       = true                                      {product} {ergonomic}
   size_t SoftMaxHeapSize                          = 1944059904                             {manageable} {ergonomic}
     bool UseCompressedOops                        = true                           {product lp64_product} {ergonomic}
     bool UseG1GC                                  = true                                      {product} {ergonomic}
     bool UseLargePagesIndividualAllocation        = false                                  {pd product} {ergonomic}

Logging:
Log output configuration:
 #0: stdout all=warning uptime,level,tags foldmultilines=false
 #1: stderr all=off uptime,level,tags foldmultilines=false

Environment Variables:
PATH=C:\Program Files\Common Files\Oracle\Java\javapath;C:\Windows\system32;C:\Windows;C:\Windows\System32\Wbem;C:\Windows\System32\WindowsPowerShell\v1.0\;C:\Windows\System32\OpenSSH\;C:\Program Files\Git\cmd;C:\Users\ssemu\AppData\Local\Programs\Python\Python313\Scripts\;C:\Users\ssemu\AppData\Local\Programs\Python\Python313\;C:\Users\ssemu\AppData\Local\Microsoft\WindowsApps;C:\Users\ssemu\AppData\Local\Programs\Microsoft VS Code\bin;C:\Users\ssemu\AppData\Local\GitHubDesktop\bin
USERNAME=ssemu
OS=Windows_NT
PROCESSOR_IDENTIFIER=AMD64 Family 23 Model 160 Stepping 0, AuthenticAMD
TMP=C:\Users\ssemu\AppData\Local\Temp
TEMP=C:\Users\ssemu\AppData\Local\Temp




Periodic native trim disabled

---------------  S Y S T E M  ---------------

OS:
 Windows 11 , 64 bit Build 26100 (10.0.26100.5074)
OS uptime: 4 days 3:55 hours
Hyper-V role detected

CPU: total 8 (initial active 8) (8 cores per cpu, 2 threads per core) family 23 model 160 stepping 0 microcode 0x8a00009, cx8, cmov, fxsr, ht, mmx, 3dnowpref, sse, sse2, sse3, ssse3, sse4a, sse4.1, sse4.2, popcnt, lzcnt, tsc, tscinvbit, avx, avx2, aes, clmul, bmi1, bmi2, adx, sha, fma, vzeroupper, clflush, clflushopt, hv, rdtscp, rdpid, f16c
Processor Information for the first 8 processors :
  Max Mhz: 2401, Current Mhz: 2401, Mhz Limit: 2401

Memory: 4k page, system-wide physical 7413M (624M free)
TotalPageFile size 22482M (AvailPageFile size 13M)
current process WorkingSet (physical memory assigned to process): 103M, peak: 103M
current process commit charge ("private bytes"): 247M, peak: 247M

vm_info: Java HotSpot(TM) 64-Bit Server VM (24.0.2+12-54) for windows-amd64 JRE (24.0.2+12-54), built on 2025-07-08T12:10:27Z with MS VC++ 17.6 (VS2022)

END.
